
bcd2civ.elf:     file format elf32-littleriscv
bcd2civ.elf
architecture: riscv:rv32, flags 0x00000112:
EXEC_P, HAS_SYMS, D_PAGED
start address 0x00000000

Program Header:
    LOAD off    0x00001000 vaddr 0x00000000 paddr 0x00000000 align 2**12
         filesz 0x00000d6c memsz 0x00000d6c flags r-x
    LOAD off    0x00002000 vaddr 0x20000000 paddr 0x00000d6c align 2**12
         filesz 0x00000038 memsz 0x00000048 flags rw-
    LOAD off    0x00002700 vaddr 0x20000700 paddr 0x20000700 align 2**12
         filesz 0x00000000 memsz 0x00000100 flags rw-

Sections:
Idx Name          Size      VMA       LMA       File off  Algn
  0 .init         000000a0  00000000  00000000  00001000  2**2
                  CONTENTS, ALLOC, LOAD, READONLY, CODE
  1 .text         00000ccc  000000a0  000000a0  000010a0  2**2
                  CONTENTS, ALLOC, LOAD, READONLY, CODE
  2 .fini         00000000  00000d6c  00000d6c  00002038  2**0
                  CONTENTS, ALLOC, LOAD, CODE
  3 .dalign       00000000  20000000  20000000  00002038  2**0
                  CONTENTS
  4 .dlalign      00000000  00000d6c  00000d6c  00002038  2**0
                  CONTENTS
  5 .data         00000038  20000000  00000d6c  00002000  2**2
                  CONTENTS, ALLOC, LOAD, DATA
  6 .bss          00000010  20000038  00000da4  00002038  2**2
                  ALLOC
  7 .stack        00000100  20000700  20000700  00002700  2**0
                  ALLOC
  8 .debug_info   0000b2a5  00000000  00000000  00002038  2**0
                  CONTENTS, READONLY, DEBUGGING
  9 .debug_abbrev 00001c9e  00000000  00000000  0000d2dd  2**0
                  CONTENTS, READONLY, DEBUGGING
 10 .debug_aranges 000006a8  00000000  00000000  0000ef80  2**3
                  CONTENTS, READONLY, DEBUGGING
 11 .debug_ranges 00000688  00000000  00000000  0000f628  2**3
                  CONTENTS, READONLY, DEBUGGING
 12 .debug_line   000082ac  00000000  00000000  0000fcb0  2**0
                  CONTENTS, READONLY, DEBUGGING
 13 .debug_str    0000216b  00000000  00000000  00017f5c  2**0
                  CONTENTS, READONLY, DEBUGGING
 14 .comment      00000033  00000000  00000000  0001a0c7  2**0
                  CONTENTS, READONLY
 15 .debug_frame  00000e34  00000000  00000000  0001a0fc  2**2
                  CONTENTS, READONLY, DEBUGGING
 16 .debug_loc    000030a0  00000000  00000000  0001af30  2**0
                  CONTENTS, READONLY, DEBUGGING
SYMBOL TABLE:
00000000 l    d  .init	00000000 .init
000000a0 l    d  .text	00000000 .text
00000d6c l    d  .fini	00000000 .fini
20000000 l    d  .dalign	00000000 .dalign
00000d6c l    d  .dlalign	00000000 .dlalign
20000000 l    d  .data	00000000 .data
20000038 l    d  .bss	00000000 .bss
20000700 l    d  .stack	00000000 .stack
00000000 l    d  .debug_info	00000000 .debug_info
00000000 l    d  .debug_abbrev	00000000 .debug_abbrev
00000000 l    d  .debug_aranges	00000000 .debug_aranges
00000000 l    d  .debug_ranges	00000000 .debug_ranges
00000000 l    d  .debug_line	00000000 .debug_line
00000000 l    d  .debug_str	00000000 .debug_str
00000000 l    d  .comment	00000000 .comment
00000000 l    d  .debug_frame	00000000 .debug_frame
00000000 l    d  .debug_loc	00000000 .debug_loc
00000000 l    df *ABS*	00000000 ch32v00x_it.c
20000038 l     O .bss	00000001 j.4054
00000000 l    df *ABS*	00000000 main.c
00000000 l    df *ABS*	00000000 system_ch32v00x.c
00000000 l    df *ABS*	00000000 ch32v00x_gpio.c
00000000 l    df *ABS*	00000000 ch32v00x_misc.c
00000000 l    df *ABS*	00000000 ch32v00x_rcc.c
20000014 l     O .data	00000014 ADCPrescTable
20000028 l     O .data	00000010 APBAHBPrescTable
00000000 l    df *ABS*	00000000 ch32v00x_tim.c
00000000 l    df *ABS*	00000000 ch32v00x_usart.c
00000000 l    df *ABS*	00000000 debug.c
20000044 l     O .bss	00000002 p_ms
20000046 l     O .bss	00000001 p_us
000003c6 g     F .text	00000150 SendBandData
0000028e g     F .text	00000138 GPIO_INIT
20000838 g       .data	00000000 __global_pointer$
00000914  w      .text	00000000 TIM1_CC_IRQHandler
0000014c g     F .text	00000010 HardFault_Handler
2000003c g     O .bss	00000004 band
00000914  w      .text	00000000 SysTick_Handler
00000a34 g     F .text	00000054 NVIC_Init
00000914  w      .text	00000000 PVD_IRQHandler
0000014a g     F .text	00000002 NMI_Handler
20000038 g       .bss	00000000 _sbss
00000100 g       *ABS*	00000000 __stack_size
000000aa g     F .text	0000000a .hidden __riscv_restore_2
00000bc6 g     F .text	00000018 TIM_Cmd
00000516 g     F .text	00000088 ReadBand
20000010 g     O .data	00000004 SystemCoreClock
000000d4 g     F .text	0000002c .hidden __udivsi3
000000a0 g       .init	00000000 _einit
00000c08 g     F .text	0000000c TIM_ClearITPendingBit
00000b3c g     F .text	0000001e RCC_APB2PeriphClockCmd
0000099e g     F .text	0000007c GPIO_Init
20000040 g     O .bss	00000004 NVIC_Priority_Group
00000914  w      .text	00000000 SPI1_IRQHandler
00000ce0 g     F .text	00000016 USART_Cmd
000000a0 g     F .text	0000000a .hidden __riscv_save_1
000000aa g     F .text	0000000a .hidden __riscv_restore_0
00000914  w      .text	00000000 AWU_IRQHandler
00000914  w      .text	00000000 EXTI7_0_IRQHandler
00000b5a g     F .text	0000001e RCC_APB1PeriphClockCmd
20000700 g       .stack	00000000 _heap_end
00000914  w      .text	00000000 DMA1_Channel4_IRQHandler
00000914  w      .text	00000000 ADC1_IRQHandler
20000048 g       .bss	00000000 _ebss
00000914  w      .text	00000000 DMA1_Channel7_IRQHandler
00000cfe g     F .text	00000034 Delay_Init
00000a24 g     F .text	0000000a GPIO_WriteBit
00000100 g     F .text	00000008 .hidden __umodsi3
00000914  w      .text	00000000 I2C1_EV_IRQHandler
00000bf0 g     F .text	00000018 TIM_GetITStatus
00000a9a g     F .text	000000a2 RCC_GetClocksFreq
00000914  w      .text	00000000 DMA1_Channel6_IRQHandler
00000c14 g     F .text	000000cc USART_Init
00000914  w      .text	00000000 RCC_IRQHandler
00000914  w      .text	00000000 TIM1_TRG_COM_IRQHandler
00000914  w      .text	00000000 DMA1_Channel1_IRQHandler
00000000 g       .init	00000000 _start
20000000 g     O .data	00000010 AHBPrescTable
00000bde g     F .text	00000012 TIM_ITConfig
000000b4 g     F .text	00000014 .hidden __mulsi3
20000000 g       .dalign	00000000 _data_vma
000001a0 g     F .text	00000098 USARTx_CFG
00000a88 g     F .text	00000012 RCC_AdjustHSICalibrationValue
00000790 g     F .text	00000036 main
00000914  w      .text	00000000 DMA1_Channel5_IRQHandler
000000cc g     F .text	00000058 .hidden __divsi3
00000d32 g     F .text	0000003a Delay_Ms
0000059e g     F .text	000001f2 SetOuts
000007c6 g     F .text	000000e2 SystemInit
00000000 g       .init	00000000 _sinit
00000914  w      .text	00000000 DMA1_Channel3_IRQHandler
00000914  w      .text	00000000 TIM1_UP_IRQHandler
00000914  w      .text	00000000 WWDG_IRQHandler
0000015c g     F .text	00000044 TIM2_IRQHandler
20000800 g       .stack	00000000 _eusrstack
000000a0 g     F .text	0000000a .hidden __riscv_save_2
00000914  w      .text	00000000 SW_Handler
00000914  w      .text	00000000 TIM1_BRK_IRQHandler
00000cf6 g     F .text	00000008 USART_SendData
20000038 g       .data	00000000 _edata
20000048 g       .bss	00000000 _end
00000b78 g     F .text	0000004e TIM_TimeBaseInit
00000d6c g       .dlalign	00000000 _data_lma
000008a8 g     F .text	0000006c SystemCoreClockUpdate
00000124 g     F .text	00000024 .hidden __modsi3
00000914  w      .text	00000000 DMA1_Channel2_IRQHandler
00000916  w      .text	00000000 handle_reset
00000238 g     F .text	00000056 Timer2_INIT
000000a0 g     F .text	0000000a .hidden __riscv_save_0
00000914  w      .text	00000000 FLASH_IRQHandler
00000914  w      .text	00000000 USART1_IRQHandler
00000914  w      .text	00000000 I2C1_ER_IRQHandler
00000a2e g     F .text	00000006 NVIC_PriorityGroupConfig
000000aa g     F .text	0000000a .hidden __riscv_restore_1
00000a1a g     F .text	0000000a GPIO_ReadInputDataBit



Disassembly of section .init:

00000000 <_sinit>:
   0:	1170006f          	j	916 <handle_reset>
   4:	0000                	unimp
   6:	0000                	unimp
   8:	014a                	slli	sp,sp,0x12
   a:	0000                	unimp
   c:	014c                	addi	a1,sp,132
	...
  2e:	0000                	unimp
  30:	0914                	addi	a3,sp,144
  32:	0000                	unimp
  34:	0000                	unimp
  36:	0000                	unimp
  38:	0914                	addi	a3,sp,144
  3a:	0000                	unimp
  3c:	0000                	unimp
  3e:	0000                	unimp
  40:	0914                	addi	a3,sp,144
  42:	0000                	unimp
  44:	0914                	addi	a3,sp,144
  46:	0000                	unimp
  48:	0914                	addi	a3,sp,144
  4a:	0000                	unimp
  4c:	0914                	addi	a3,sp,144
  4e:	0000                	unimp
  50:	0914                	addi	a3,sp,144
  52:	0000                	unimp
  54:	0914                	addi	a3,sp,144
  56:	0000                	unimp
  58:	0914                	addi	a3,sp,144
  5a:	0000                	unimp
  5c:	0914                	addi	a3,sp,144
  5e:	0000                	unimp
  60:	0914                	addi	a3,sp,144
  62:	0000                	unimp
  64:	0914                	addi	a3,sp,144
  66:	0000                	unimp
  68:	0914                	addi	a3,sp,144
  6a:	0000                	unimp
  6c:	0914                	addi	a3,sp,144
  6e:	0000                	unimp
  70:	0914                	addi	a3,sp,144
  72:	0000                	unimp
  74:	0914                	addi	a3,sp,144
  76:	0000                	unimp
  78:	0914                	addi	a3,sp,144
  7a:	0000                	unimp
  7c:	0914                	addi	a3,sp,144
  7e:	0000                	unimp
  80:	0914                	addi	a3,sp,144
  82:	0000                	unimp
  84:	0914                	addi	a3,sp,144
  86:	0000                	unimp
  88:	0914                	addi	a3,sp,144
  8a:	0000                	unimp
  8c:	0914                	addi	a3,sp,144
  8e:	0000                	unimp
  90:	0914                	addi	a3,sp,144
  92:	0000                	unimp
  94:	0914                	addi	a3,sp,144
  96:	0000                	unimp
  98:	015c                	addi	a5,sp,132
  9a:	0000                	unimp
  9c:	0000                	unimp
	...

Disassembly of section .text:

000000a0 <__riscv_save_0>:
  a0:	1151                	addi	sp,sp,-12
  a2:	c026                	sw	s1,0(sp)
  a4:	c222                	sw	s0,4(sp)
  a6:	c406                	sw	ra,8(sp)
  a8:	8282                	jr	t0

000000aa <__riscv_restore_0>:
  aa:	4482                	lw	s1,0(sp)
  ac:	4412                	lw	s0,4(sp)
  ae:	40a2                	lw	ra,8(sp)
  b0:	0131                	addi	sp,sp,12
  b2:	8082                	ret

000000b4 <__mulsi3>:
  b4:	862a                	mv	a2,a0
  b6:	4501                	li	a0,0
  b8:	0015f693          	andi	a3,a1,1
  bc:	c291                	beqz	a3,c0 <__mulsi3+0xc>
  be:	9532                	add	a0,a0,a2
  c0:	8185                	srli	a1,a1,0x1
  c2:	0606                	slli	a2,a2,0x1
  c4:	f9f5                	bnez	a1,b8 <__mulsi3+0x4>
  c6:	8082                	ret
  c8:	0000                	unimp
	...

000000cc <__divsi3>:
  cc:	02054e63          	bltz	a0,108 <__umodsi3+0x8>
  d0:	0405c363          	bltz	a1,116 <__umodsi3+0x16>

000000d4 <__udivsi3>:
  d4:	862e                	mv	a2,a1
  d6:	85aa                	mv	a1,a0
  d8:	557d                	li	a0,-1
  da:	c215                	beqz	a2,fe <__udivsi3+0x2a>
  dc:	4685                	li	a3,1
  de:	00b67863          	bgeu	a2,a1,ee <__udivsi3+0x1a>
  e2:	00c05663          	blez	a2,ee <__udivsi3+0x1a>
  e6:	0606                	slli	a2,a2,0x1
  e8:	0686                	slli	a3,a3,0x1
  ea:	feb66ce3          	bltu	a2,a1,e2 <__udivsi3+0xe>
  ee:	4501                	li	a0,0
  f0:	00c5e463          	bltu	a1,a2,f8 <__udivsi3+0x24>
  f4:	8d91                	sub	a1,a1,a2
  f6:	8d55                	or	a0,a0,a3
  f8:	8285                	srli	a3,a3,0x1
  fa:	8205                	srli	a2,a2,0x1
  fc:	faf5                	bnez	a3,f0 <__udivsi3+0x1c>
  fe:	8082                	ret

00000100 <__umodsi3>:
 100:	8286                	mv	t0,ra
 102:	3fc9                	jal	d4 <__udivsi3>
 104:	852e                	mv	a0,a1
 106:	8282                	jr	t0
 108:	40a00533          	neg	a0,a0
 10c:	0005d763          	bgez	a1,11a <__umodsi3+0x1a>
 110:	40b005b3          	neg	a1,a1
 114:	b7c1                	j	d4 <__udivsi3>
 116:	40b005b3          	neg	a1,a1
 11a:	8286                	mv	t0,ra
 11c:	3f65                	jal	d4 <__udivsi3>
 11e:	40a00533          	neg	a0,a0
 122:	8282                	jr	t0

00000124 <__modsi3>:
 124:	8286                	mv	t0,ra
 126:	0005c763          	bltz	a1,134 <__modsi3+0x10>
 12a:	00054963          	bltz	a0,13c <__modsi3+0x18>
 12e:	375d                	jal	d4 <__udivsi3>
 130:	852e                	mv	a0,a1
 132:	8282                	jr	t0
 134:	40b005b3          	neg	a1,a1
 138:	fe055be3          	bgez	a0,12e <__modsi3+0xa>
 13c:	40a00533          	neg	a0,a0
 140:	3f51                	jal	d4 <__udivsi3>
 142:	40b00533          	neg	a0,a1
 146:	8282                	jr	t0
	...

0000014a <NMI_Handler>:
 14a:	a001                	j	14a <NMI_Handler>

0000014c <HardFault_Handler>:
 14c:	beef07b7          	lui	a5,0xbeef0
 150:	e000e737          	lui	a4,0xe000e
 154:	08078793          	addi	a5,a5,128 # beef0080 <__global_pointer$+0x9eeef848>
 158:	c73c                	sw	a5,72(a4)
 15a:	bffd                	j	158 <HardFault_Handler+0xc>

0000015c <TIM2_IRQHandler>:
 15c:	4585                	li	a1,1
 15e:	40000537          	lui	a0,0x40000
 162:	28f000ef          	jal	ra,bf0 <TIM_GetITStatus>
 166:	4785                	li	a5,1
 168:	02f51763          	bne	a0,a5,196 <TIM2_IRQHandler+0x3a>
 16c:	4585                	li	a1,1
 16e:	40000537          	lui	a0,0x40000
 172:	297000ef          	jal	ra,c08 <TIM_ClearITPendingBit>
 176:	200007b7          	lui	a5,0x20000
 17a:	0387c703          	lbu	a4,56(a5) # 20000038 <_edata>
 17e:	03878793          	addi	a5,a5,56
 182:	cf01                	beqz	a4,19a <TIM2_IRQHandler+0x3e>
 184:	4701                	li	a4,0
 186:	4601                	li	a2,0
 188:	08000593          	li	a1,128
 18c:	40011537          	lui	a0,0x40011
 190:	a398                	sb	a4,0(a5)
 192:	093000ef          	jal	ra,a24 <GPIO_WriteBit>
 196:	30200073          	mret
 19a:	4705                	li	a4,1
 19c:	4605                	li	a2,1
 19e:	b7ed                	j	188 <TIM2_IRQHandler+0x2c>

000001a0 <USARTx_CFG>:
 1a0:	f01ff2ef          	jal	t0,a0 <__riscv_save_0>
 1a4:	6511                	lui	a0,0x4
 1a6:	fdc10113          	addi	sp,sp,-36
 1aa:	4585                	li	a1,1
 1ac:	02050513          	addi	a0,a0,32 # 4020 <_data_lma+0x32b4>
 1b0:	c402                	sw	zero,8(sp)
 1b2:	c602                	sw	zero,12(sp)
 1b4:	c802                	sw	zero,16(sp)
 1b6:	ca02                	sw	zero,20(sp)
 1b8:	cc02                	sw	zero,24(sp)
 1ba:	ce02                	sw	zero,28(sp)
 1bc:	d002                	sw	zero,32(sp)
 1be:	c002                	sw	zero,0(sp)
 1c0:	c202                	sw	zero,4(sp)
 1c2:	17b000ef          	jal	ra,b3c <RCC_APB2PeriphClockCmd>
 1c6:	40011437          	lui	s0,0x40011
 1ca:	478d                	li	a5,3
 1cc:	02000493          	li	s1,32
 1d0:	c63e                	sw	a5,12(sp)
 1d2:	002c                	addi	a1,sp,8
 1d4:	47e1                	li	a5,24
 1d6:	40040513          	addi	a0,s0,1024 # 40011400 <__global_pointer$+0x20010bc8>
 1da:	8464                	sh	s1,8(sp)
 1dc:	c83e                	sw	a5,16(sp)
 1de:	7c0000ef          	jal	ra,99e <GPIO_Init>
 1e2:	04000793          	li	a5,64
 1e6:	847c                	sh	a5,8(sp)
 1e8:	002c                	addi	a1,sp,8
 1ea:	4791                	li	a5,4
 1ec:	40040513          	addi	a0,s0,1024
 1f0:	c83e                	sw	a5,16(sp)
 1f2:	7ac000ef          	jal	ra,99e <GPIO_Init>
 1f6:	6785                	lui	a5,0x1
 1f8:	40014437          	lui	s0,0x40014
 1fc:	2c078793          	addi	a5,a5,704 # 12c0 <_data_lma+0x554>
 200:	084c                	addi	a1,sp,20
 202:	ca3e                	sw	a5,20(sp)
 204:	80040513          	addi	a0,s0,-2048 # 40013800 <__global_pointer$+0x20012fc8>
 208:	000807b7          	lui	a5,0x80
 20c:	ce3e                	sw	a5,28(sp)
 20e:	cc02                	sw	zero,24(sp)
 210:	02011023          	sh	zero,32(sp)
 214:	201000ef          	jal	ra,c14 <USART_Init>
 218:	4785                	li	a5,1
 21a:	815c                	sb	a5,2(sp)
 21c:	850a                	mv	a0,sp
 21e:	4785                	li	a5,1
 220:	c23e                	sw	a5,4(sp)
 222:	8064                	sh	s1,0(sp)
 224:	011000ef          	jal	ra,a34 <NVIC_Init>
 228:	4585                	li	a1,1
 22a:	80040513          	addi	a0,s0,-2048
 22e:	2b3000ef          	jal	ra,ce0 <USART_Cmd>
 232:	02410113          	addi	sp,sp,36
 236:	bd95                	j	aa <__riscv_restore_0>

00000238 <Timer2_INIT>:
 238:	e69ff2ef          	jal	t0,a0 <__riscv_save_0>
 23c:	1131                	addi	sp,sp,-20
 23e:	842e                	mv	s0,a1
 240:	84aa                	mv	s1,a0
 242:	4585                	li	a1,1
 244:	4505                	li	a0,1
 246:	115000ef          	jal	ra,b5a <RCC_APB1PeriphClockCmd>
 24a:	002c                	addi	a1,sp,8
 24c:	40000537          	lui	a0,0x40000
 250:	8664                	sh	s1,12(sp)
 252:	8460                	sh	s0,8(sp)
 254:	00011523          	sh	zero,10(sp)
 258:	00011723          	sh	zero,14(sp)
 25c:	11d000ef          	jal	ra,b78 <TIM_TimeBaseInit>
 260:	4605                	li	a2,1
 262:	4585                	li	a1,1
 264:	40000537          	lui	a0,0x40000
 268:	177000ef          	jal	ra,bde <TIM_ITConfig>
 26c:	52600793          	li	a5,1318
 270:	807c                	sh	a5,0(sp)
 272:	4795                	li	a5,5
 274:	815c                	sb	a5,2(sp)
 276:	850a                	mv	a0,sp
 278:	4785                	li	a5,1
 27a:	c23e                	sw	a5,4(sp)
 27c:	7b8000ef          	jal	ra,a34 <NVIC_Init>
 280:	4585                	li	a1,1
 282:	40000537          	lui	a0,0x40000
 286:	141000ef          	jal	ra,bc6 <TIM_Cmd>
 28a:	0151                	addi	sp,sp,20
 28c:	bd39                	j	aa <__riscv_restore_0>

0000028e <GPIO_INIT>:
 28e:	e13ff2ef          	jal	t0,a0 <__riscv_save_0>
 292:	1111                	addi	sp,sp,-28
 294:	4585                	li	a1,1
 296:	4541                	li	a0,16
 298:	c802                	sw	zero,16(sp)
 29a:	ca02                	sw	zero,20(sp)
 29c:	cc02                	sw	zero,24(sp)
 29e:	09f000ef          	jal	ra,b3c <RCC_APB2PeriphClockCmd>
 2a2:	4585                	li	a1,1
 2a4:	02000513          	li	a0,32
 2a8:	095000ef          	jal	ra,b3c <RCC_APB2PeriphClockCmd>
 2ac:	440d                	li	s0,3
 2ae:	08000793          	li	a5,128
 2b2:	44c1                	li	s1,16
 2b4:	080c                	addi	a1,sp,16
 2b6:	40011537          	lui	a0,0x40011
 2ba:	80fc                	sh	a5,16(sp)
 2bc:	c63e                	sw	a5,12(sp)
 2be:	cc26                	sw	s1,24(sp)
 2c0:	ca22                	sw	s0,20(sp)
 2c2:	6dc000ef          	jal	ra,99e <GPIO_Init>
 2c6:	cc26                	sw	s1,24(sp)
 2c8:	400114b7          	lui	s1,0x40011
 2cc:	4605                	li	a2,1
 2ce:	080c                	addi	a1,sp,16
 2d0:	40048513          	addi	a0,s1,1024 # 40011400 <__global_pointer$+0x20010bc8>
 2d4:	80f0                	sh	a2,16(sp)
 2d6:	c432                	sw	a2,8(sp)
 2d8:	ca22                	sw	s0,20(sp)
 2da:	6c4000ef          	jal	ra,99e <GPIO_Init>
 2de:	4691                	li	a3,4
 2e0:	47c1                	li	a5,16
 2e2:	080c                	addi	a1,sp,16
 2e4:	40048513          	addi	a0,s1,1024
 2e8:	80f4                	sh	a3,16(sp)
 2ea:	c236                	sw	a3,4(sp)
 2ec:	cc3e                	sw	a5,24(sp)
 2ee:	ca22                	sw	s0,20(sp)
 2f0:	6ae000ef          	jal	ra,99e <GPIO_Init>
 2f4:	4721                	li	a4,8
 2f6:	47c1                	li	a5,16
 2f8:	080c                	addi	a1,sp,16
 2fa:	40048513          	addi	a0,s1,1024
 2fe:	80f8                	sh	a4,16(sp)
 300:	c03a                	sw	a4,0(sp)
 302:	cc3e                	sw	a5,24(sp)
 304:	ca22                	sw	s0,20(sp)
 306:	698000ef          	jal	ra,99e <GPIO_Init>
 30a:	47c1                	li	a5,16
 30c:	80fc                	sh	a5,16(sp)
 30e:	080c                	addi	a1,sp,16
 310:	47c1                	li	a5,16
 312:	40048513          	addi	a0,s1,1024
 316:	cc3e                	sw	a5,24(sp)
 318:	ca22                	sw	s0,20(sp)
 31a:	684000ef          	jal	ra,99e <GPIO_Init>
 31e:	4622                	lw	a2,8(sp)
 320:	04800793          	li	a5,72
 324:	080c                	addi	a1,sp,16
 326:	40011537          	lui	a0,0x40011
 32a:	80f0                	sh	a2,16(sp)
 32c:	cc3e                	sw	a5,24(sp)
 32e:	ca22                	sw	s0,20(sp)
 330:	66e000ef          	jal	ra,99e <GPIO_Init>
 334:	4609                	li	a2,2
 336:	04800793          	li	a5,72
 33a:	080c                	addi	a1,sp,16
 33c:	40011537          	lui	a0,0x40011
 340:	80f0                	sh	a2,16(sp)
 342:	cc3e                	sw	a5,24(sp)
 344:	ca22                	sw	s0,20(sp)
 346:	658000ef          	jal	ra,99e <GPIO_Init>
 34a:	4692                	lw	a3,4(sp)
 34c:	04800793          	li	a5,72
 350:	080c                	addi	a1,sp,16
 352:	40011537          	lui	a0,0x40011
 356:	80f4                	sh	a3,16(sp)
 358:	cc3e                	sw	a5,24(sp)
 35a:	ca22                	sw	s0,20(sp)
 35c:	642000ef          	jal	ra,99e <GPIO_Init>
 360:	4702                	lw	a4,0(sp)
 362:	04800793          	li	a5,72
 366:	080c                	addi	a1,sp,16
 368:	40011537          	lui	a0,0x40011
 36c:	80f8                	sh	a4,16(sp)
 36e:	cc3e                	sw	a5,24(sp)
 370:	ca22                	sw	s0,20(sp)
 372:	62c000ef          	jal	ra,99e <GPIO_Init>
 376:	47b2                	lw	a5,12(sp)
 378:	080c                	addi	a1,sp,16
 37a:	40048513          	addi	a0,s1,1024
 37e:	80fc                	sh	a5,16(sp)
 380:	04800793          	li	a5,72
 384:	cc3e                	sw	a5,24(sp)
 386:	ca22                	sw	s0,20(sp)
 388:	2d19                	jal	99e <GPIO_Init>
 38a:	0c800513          	li	a0,200
 38e:	1a5000ef          	jal	ra,d32 <Delay_Ms>
 392:	40048513          	addi	a0,s1,1024
 396:	4605                	li	a2,1
 398:	4585                	li	a1,1
 39a:	68a000ef          	jal	ra,a24 <GPIO_WriteBit>
 39e:	40048513          	addi	a0,s1,1024
 3a2:	4605                	li	a2,1
 3a4:	4591                	li	a1,4
 3a6:	67e000ef          	jal	ra,a24 <GPIO_WriteBit>
 3aa:	40048513          	addi	a0,s1,1024
 3ae:	4605                	li	a2,1
 3b0:	45a1                	li	a1,8
 3b2:	672000ef          	jal	ra,a24 <GPIO_WriteBit>
 3b6:	4605                	li	a2,1
 3b8:	45c1                	li	a1,16
 3ba:	40048513          	addi	a0,s1,1024
 3be:	666000ef          	jal	ra,a24 <GPIO_WriteBit>
 3c2:	0171                	addi	sp,sp,28
 3c4:	b1dd                	j	aa <__riscv_restore_0>

000003c6 <SendBandData>:
 3c6:	cdbff2ef          	jal	t0,a0 <__riscv_save_0>
 3ca:	7ae107b7          	lui	a5,0x7ae10
 3ce:	1151                	addi	sp,sp,-12
 3d0:	efe78793          	addi	a5,a5,-258 # 7ae0fefe <__global_pointer$+0x5ae0f6c6>
 3d4:	470d                	li	a4,3
 3d6:	c23e                	sw	a5,4(sp)
 3d8:	8478                	sh	a4,8(sp)
 3da:	00011023          	sh	zero,0(sp)
 3de:	47d1                	li	a5,20
 3e0:	0ef50c63          	beq	a0,a5,4d8 <SendBandData+0x112>
 3e4:	02a7c963          	blt	a5,a0,416 <SendBandData+0x50>
 3e8:	47b1                	li	a5,12
 3ea:	10f50263          	beq	a0,a5,4ee <SendBandData+0x128>
 3ee:	00a7ca63          	blt	a5,a0,402 <SendBandData+0x3c>
 3f2:	4799                	li	a5,6
 3f4:	10f50a63          	beq	a0,a5,508 <SendBandData+0x142>
 3f8:	47a9                	li	a5,10
 3fa:	10f50163          	beq	a0,a5,4fc <SendBandData+0x136>
 3fe:	0131                	addi	sp,sp,12
 400:	b16d                	j	aa <__riscv_restore_0>
 402:	47bd                	li	a5,15
 404:	0cf50f63          	beq	a0,a5,4e2 <SendBandData+0x11c>
 408:	47c5                	li	a5,17
 40a:	fef51ae3          	bne	a0,a5,3fe <SendBandData+0x38>
 40e:	47c1                	li	a5,16
 410:	80dc                	sb	a5,1(sp)
 412:	47e1                	li	a5,24
 414:	a83d                	j	452 <SendBandData+0x8c>
 416:	03c00793          	li	a5,60
 41a:	0af50463          	beq	a0,a5,4c2 <SendBandData+0xfc>
 41e:	00a7ce63          	blt	a5,a0,43a <SendBandData+0x74>
 422:	47f9                	li	a5,30
 424:	0af50463          	beq	a0,a5,4cc <SendBandData+0x106>
 428:	02800793          	li	a5,40
 42c:	fcf519e3          	bne	a0,a5,3fe <SendBandData+0x38>
 430:	74000793          	li	a5,1856
 434:	807c                	sh	a5,0(sp)
 436:	479d                	li	a5,7
 438:	a829                	j	452 <SendBandData+0x8c>
 43a:	05000793          	li	a5,80
 43e:	00f50c63          	beq	a0,a5,456 <SendBandData+0x90>
 442:	0a000793          	li	a5,160
 446:	faf51ce3          	bne	a0,a5,3fe <SendBandData+0x38>
 44a:	f8400793          	li	a5,-124
 44e:	80dc                	sb	a5,1(sp)
 450:	4785                	li	a5,1
 452:	815c                	sb	a5,2(sp)
 454:	a031                	j	460 <SendBandData+0x9a>
 456:	6795                	lui	a5,0x5
 458:	73078793          	addi	a5,a5,1840 # 5730 <_data_lma+0x49c4>
 45c:	807c                	sh	a5,0(sp)
 45e:	8158                	sb	a4,2(sp)
 460:	4401                	li	s0,0
 462:	005c                	addi	a5,sp,4
 464:	97a2                	add	a5,a5,s0
 466:	238c                	lbu	a1,0(a5)
 468:	40014537          	lui	a0,0x40014
 46c:	80050513          	addi	a0,a0,-2048 # 40013800 <__global_pointer$+0x20012fc8>
 470:	087000ef          	jal	ra,cf6 <USART_SendData>
 474:	4509                	li	a0,2
 476:	0bd000ef          	jal	ra,d32 <Delay_Ms>
 47a:	0405                	addi	s0,s0,1
 47c:	4799                	li	a5,6
 47e:	fef412e3          	bne	s0,a5,462 <SendBandData+0x9c>
 482:	4401                	li	s0,0
 484:	008107b3          	add	a5,sp,s0
 488:	238c                	lbu	a1,0(a5)
 48a:	400144b7          	lui	s1,0x40014
 48e:	80048513          	addi	a0,s1,-2048 # 40013800 <__global_pointer$+0x20012fc8>
 492:	065000ef          	jal	ra,cf6 <USART_SendData>
 496:	4509                	li	a0,2
 498:	09b000ef          	jal	ra,d32 <Delay_Ms>
 49c:	0405                	addi	s0,s0,1
 49e:	478d                	li	a5,3
 4a0:	fef412e3          	bne	s0,a5,484 <SendBandData+0xbe>
 4a4:	4581                	li	a1,0
 4a6:	80048513          	addi	a0,s1,-2048
 4aa:	04d000ef          	jal	ra,cf6 <USART_SendData>
 4ae:	4509                	li	a0,2
 4b0:	083000ef          	jal	ra,d32 <Delay_Ms>
 4b4:	0fd00593          	li	a1,253
 4b8:	80048513          	addi	a0,s1,-2048
 4bc:	03b000ef          	jal	ra,cf6 <USART_SendData>
 4c0:	bf3d                	j	3fe <SendBandData+0x38>
 4c2:	03600793          	li	a5,54
 4c6:	80dc                	sb	a5,1(sp)
 4c8:	4795                	li	a5,5
 4ca:	b761                	j	452 <SendBandData+0x8c>
 4cc:	6785                	lui	a5,0x1
 4ce:	36078793          	addi	a5,a5,864 # 1360 <_data_lma+0x5f4>
 4d2:	807c                	sh	a5,0(sp)
 4d4:	47c1                	li	a5,16
 4d6:	bfb5                	j	452 <SendBandData+0x8c>
 4d8:	74000793          	li	a5,1856
 4dc:	807c                	sh	a5,0(sp)
 4de:	8148                	sb	a0,2(sp)
 4e0:	b741                	j	460 <SendBandData+0x9a>
 4e2:	74000793          	li	a5,1856
 4e6:	807c                	sh	a5,0(sp)
 4e8:	02100793          	li	a5,33
 4ec:	b79d                	j	452 <SendBandData+0x8c>
 4ee:	77e5                	lui	a5,0xffff9
 4f0:	15078793          	addi	a5,a5,336 # ffff9150 <__global_pointer$+0xdfff8918>
 4f4:	807c                	sh	a5,0(sp)
 4f6:	02400793          	li	a5,36
 4fa:	bfa1                	j	452 <SendBandData+0x8c>
 4fc:	74000793          	li	a5,1856
 500:	807c                	sh	a5,0(sp)
 502:	02800793          	li	a5,40
 506:	b7b1                	j	452 <SendBandData+0x8c>
 508:	678d                	lui	a5,0x3
 50a:	18078793          	addi	a5,a5,384 # 3180 <_data_lma+0x2414>
 50e:	807c                	sh	a5,0(sp)
 510:	05000793          	li	a5,80
 514:	bf3d                	j	452 <SendBandData+0x8c>

00000516 <ReadBand>:
 516:	b8bff2ef          	jal	t0,a0 <__riscv_save_0>
 51a:	1171                	addi	sp,sp,-4
 51c:	4529                	li	a0,10
 51e:	015000ef          	jal	ra,d32 <Delay_Ms>
 522:	4585                	li	a1,1
 524:	40011537          	lui	a0,0x40011
 528:	29cd                	jal	a1a <GPIO_ReadInputDataBit>
 52a:	c02a                	sw	a0,0(sp)
 52c:	4589                	li	a1,2
 52e:	40011537          	lui	a0,0x40011
 532:	21e5                	jal	a1a <GPIO_ReadInputDataBit>
 534:	4591                	li	a1,4
 536:	842a                	mv	s0,a0
 538:	40011537          	lui	a0,0x40011
 53c:	29f9                	jal	a1a <GPIO_ReadInputDataBit>
 53e:	84aa                	mv	s1,a0
 540:	45a1                	li	a1,8
 542:	40011537          	lui	a0,0x40011
 546:	29d1                	jal	a1a <GPIO_ReadInputDataBit>
 548:	4782                	lw	a5,0(sp)
 54a:	cb91                	beqz	a5,55e <ReadBand+0x48>
 54c:	e415                	bnez	s0,578 <ReadBand+0x62>
 54e:	ec95                	bnez	s1,58a <ReadBand+0x74>
 550:	0a000413          	li	s0,160
 554:	c111                	beqz	a0,558 <ReadBand+0x42>
 556:	4429                	li	s0,10
 558:	8522                	mv	a0,s0
 55a:	0111                	addi	sp,sp,4
 55c:	b6b9                	j	aa <__riscv_restore_0>
 55e:	c419                	beqz	s0,56c <ReadBand+0x56>
 560:	e885                	bnez	s1,590 <ReadBand+0x7a>
 562:	05000413          	li	s0,80
 566:	d96d                	beqz	a0,558 <ReadBand+0x42>
 568:	4419                	li	s0,6
 56a:	b7fd                	j	558 <ReadBand+0x42>
 56c:	ec81                	bnez	s1,584 <ReadBand+0x6e>
 56e:	03c00413          	li	s0,60
 572:	d17d                	beqz	a0,558 <ReadBand+0x42>
 574:	4431                	li	s0,12
 576:	b7cd                	j	558 <ReadBand+0x42>
 578:	4401                	li	s0,0
 57a:	ec99                	bnez	s1,598 <ReadBand+0x82>
 57c:	fd71                	bnez	a0,558 <ReadBand+0x42>
 57e:	02800413          	li	s0,40
 582:	bfd9                	j	558 <ReadBand+0x42>
 584:	f971                	bnez	a0,558 <ReadBand+0x42>
 586:	4479                	li	s0,30
 588:	bfc1                	j	558 <ReadBand+0x42>
 58a:	f579                	bnez	a0,558 <ReadBand+0x42>
 58c:	4451                	li	s0,20
 58e:	b7e9                	j	558 <ReadBand+0x42>
 590:	4401                	li	s0,0
 592:	f179                	bnez	a0,558 <ReadBand+0x42>
 594:	4445                	li	s0,17
 596:	b7c9                	j	558 <ReadBand+0x42>
 598:	f161                	bnez	a0,558 <ReadBand+0x42>
 59a:	443d                	li	s0,15
 59c:	bf75                	j	558 <ReadBand+0x42>

0000059e <SetOuts>:
 59e:	b03ff2ef          	jal	t0,a0 <__riscv_save_0>
 5a2:	0a000793          	li	a5,160
 5a6:	842a                	mv	s0,a0
 5a8:	06f51d63          	bne	a0,a5,622 <SetOuts+0x84>
 5ac:	400114b7          	lui	s1,0x40011
 5b0:	4605                	li	a2,1
 5b2:	4585                	li	a1,1
 5b4:	40048513          	addi	a0,s1,1024 # 40011400 <__global_pointer$+0x20010bc8>
 5b8:	21b5                	jal	a24 <GPIO_WriteBit>
 5ba:	4601                	li	a2,0
 5bc:	4591                	li	a1,4
 5be:	40048513          	addi	a0,s1,1024
 5c2:	218d                	jal	a24 <GPIO_WriteBit>
 5c4:	4601                	li	a2,0
 5c6:	45a1                	li	a1,8
 5c8:	40048513          	addi	a0,s1,1024
 5cc:	29a1                	jal	a24 <GPIO_WriteBit>
 5ce:	4601                	li	a2,0
 5d0:	45c1                	li	a1,16
 5d2:	40048513          	addi	a0,s1,1024
 5d6:	21b9                	jal	a24 <GPIO_WriteBit>
 5d8:	47d1                	li	a5,20
 5da:	08f41b63          	bne	s0,a5,670 <SetOuts+0xd2>
 5de:	400114b7          	lui	s1,0x40011
 5e2:	4605                	li	a2,1
 5e4:	4585                	li	a1,1
 5e6:	40048513          	addi	a0,s1,1024 # 40011400 <__global_pointer$+0x20010bc8>
 5ea:	292d                	jal	a24 <GPIO_WriteBit>
 5ec:	4601                	li	a2,0
 5ee:	4591                	li	a1,4
 5f0:	40048513          	addi	a0,s1,1024
 5f4:	2905                	jal	a24 <GPIO_WriteBit>
 5f6:	4605                	li	a2,1
 5f8:	45a1                	li	a1,8
 5fa:	40048513          	addi	a0,s1,1024
 5fe:	211d                	jal	a24 <GPIO_WriteBit>
 600:	4601                	li	a2,0
 602:	45c1                	li	a1,16
 604:	40048513          	addi	a0,s1,1024
 608:	2931                	jal	a24 <GPIO_WriteBit>
 60a:	4799                	li	a5,6
 60c:	08f41b63          	bne	s0,a5,6a2 <SetOuts+0x104>
 610:	40011437          	lui	s0,0x40011
 614:	4601                	li	a2,0
 616:	4585                	li	a1,1
 618:	40040513          	addi	a0,s0,1024 # 40011400 <__global_pointer$+0x20010bc8>
 61c:	2121                	jal	a24 <GPIO_WriteBit>
 61e:	4605                	li	a2,1
 620:	aaa9                	j	77a <SetOuts+0x1dc>
 622:	05000793          	li	a5,80
 626:	00f51b63          	bne	a0,a5,63c <SetOuts+0x9e>
 62a:	400114b7          	lui	s1,0x40011
 62e:	4601                	li	a2,0
 630:	4585                	li	a1,1
 632:	40048513          	addi	a0,s1,1024 # 40011400 <__global_pointer$+0x20010bc8>
 636:	26fd                	jal	a24 <GPIO_WriteBit>
 638:	4605                	li	a2,1
 63a:	b749                	j	5bc <SetOuts+0x1e>
 63c:	03c00793          	li	a5,60
 640:	08f51063          	bne	a0,a5,6c0 <SetOuts+0x122>
 644:	400114b7          	lui	s1,0x40011
 648:	4601                	li	a2,0
 64a:	4585                	li	a1,1
 64c:	40048513          	addi	a0,s1,1024 # 40011400 <__global_pointer$+0x20010bc8>
 650:	2ed1                	jal	a24 <GPIO_WriteBit>
 652:	4601                	li	a2,0
 654:	4591                	li	a1,4
 656:	40048513          	addi	a0,s1,1024
 65a:	26e9                	jal	a24 <GPIO_WriteBit>
 65c:	4601                	li	a2,0
 65e:	45a1                	li	a1,8
 660:	40048513          	addi	a0,s1,1024
 664:	26c1                	jal	a24 <GPIO_WriteBit>
 666:	4601                	li	a2,0
 668:	45c1                	li	a1,16
 66a:	40048513          	addi	a0,s1,1024
 66e:	2e5d                	jal	a24 <GPIO_WriteBit>
 670:	47c5                	li	a5,17
 672:	08f41163          	bne	s0,a5,6f4 <SetOuts+0x156>
 676:	400114b7          	lui	s1,0x40011
 67a:	4601                	li	a2,0
 67c:	4585                	li	a1,1
 67e:	40048513          	addi	a0,s1,1024 # 40011400 <__global_pointer$+0x20010bc8>
 682:	264d                	jal	a24 <GPIO_WriteBit>
 684:	4605                	li	a2,1
 686:	4591                	li	a1,4
 688:	40048513          	addi	a0,s1,1024
 68c:	2e61                	jal	a24 <GPIO_WriteBit>
 68e:	4605                	li	a2,1
 690:	45a1                	li	a1,8
 692:	40048513          	addi	a0,s1,1024
 696:	2679                	jal	a24 <GPIO_WriteBit>
 698:	4601                	li	a2,0
 69a:	45c1                	li	a1,16
 69c:	40048513          	addi	a0,s1,1024
 6a0:	2651                	jal	a24 <GPIO_WriteBit>
 6a2:	e051                	bnez	s0,726 <SetOuts+0x188>
 6a4:	40011437          	lui	s0,0x40011
 6a8:	4605                	li	a2,1
 6aa:	4585                	li	a1,1
 6ac:	40040513          	addi	a0,s0,1024 # 40011400 <__global_pointer$+0x20010bc8>
 6b0:	2e95                	jal	a24 <GPIO_WriteBit>
 6b2:	4605                	li	a2,1
 6b4:	4591                	li	a1,4
 6b6:	40040513          	addi	a0,s0,1024
 6ba:	26ad                	jal	a24 <GPIO_WriteBit>
 6bc:	4605                	li	a2,1
 6be:	a0d9                	j	784 <SetOuts+0x1e6>
 6c0:	02800793          	li	a5,40
 6c4:	06f51263          	bne	a0,a5,728 <SetOuts+0x18a>
 6c8:	400114b7          	lui	s1,0x40011
 6cc:	4605                	li	a2,1
 6ce:	4585                	li	a1,1
 6d0:	40048513          	addi	a0,s1,1024 # 40011400 <__global_pointer$+0x20010bc8>
 6d4:	2e81                	jal	a24 <GPIO_WriteBit>
 6d6:	4605                	li	a2,1
 6d8:	4591                	li	a1,4
 6da:	40048513          	addi	a0,s1,1024
 6de:	2699                	jal	a24 <GPIO_WriteBit>
 6e0:	4601                	li	a2,0
 6e2:	45a1                	li	a1,8
 6e4:	40048513          	addi	a0,s1,1024
 6e8:	2e35                	jal	a24 <GPIO_WriteBit>
 6ea:	4601                	li	a2,0
 6ec:	45c1                	li	a1,16
 6ee:	40048513          	addi	a0,s1,1024
 6f2:	2e0d                	jal	a24 <GPIO_WriteBit>
 6f4:	47bd                	li	a5,15
 6f6:	06f41763          	bne	s0,a5,764 <SetOuts+0x1c6>
 6fa:	40011437          	lui	s0,0x40011
 6fe:	4605                	li	a2,1
 700:	4585                	li	a1,1
 702:	40040513          	addi	a0,s0,1024 # 40011400 <__global_pointer$+0x20010bc8>
 706:	2e39                	jal	a24 <GPIO_WriteBit>
 708:	4605                	li	a2,1
 70a:	4591                	li	a1,4
 70c:	40040513          	addi	a0,s0,1024
 710:	2e11                	jal	a24 <GPIO_WriteBit>
 712:	4605                	li	a2,1
 714:	45a1                	li	a1,8
 716:	40040513          	addi	a0,s0,1024
 71a:	2629                	jal	a24 <GPIO_WriteBit>
 71c:	4601                	li	a2,0
 71e:	45c1                	li	a1,16
 720:	40040513          	addi	a0,s0,1024
 724:	2601                	jal	a24 <GPIO_WriteBit>
 726:	b251                	j	aa <__riscv_restore_0>
 728:	47f9                	li	a5,30
 72a:	eaf517e3          	bne	a0,a5,5d8 <SetOuts+0x3a>
 72e:	400114b7          	lui	s1,0x40011
 732:	4601                	li	a2,0
 734:	4585                	li	a1,1
 736:	40048513          	addi	a0,s1,1024 # 40011400 <__global_pointer$+0x20010bc8>
 73a:	24ed                	jal	a24 <GPIO_WriteBit>
 73c:	4601                	li	a2,0
 73e:	4591                	li	a1,4
 740:	40048513          	addi	a0,s1,1024
 744:	24c5                	jal	a24 <GPIO_WriteBit>
 746:	4605                	li	a2,1
 748:	45a1                	li	a1,8
 74a:	40048513          	addi	a0,s1,1024
 74e:	2cd9                	jal	a24 <GPIO_WriteBit>
 750:	4601                	li	a2,0
 752:	45c1                	li	a1,16
 754:	40048513          	addi	a0,s1,1024
 758:	24f1                	jal	a24 <GPIO_WriteBit>
 75a:	47a9                	li	a5,10
 75c:	eaf417e3          	bne	s0,a5,60a <SetOuts+0x6c>
 760:	4605                	li	a2,1
 762:	a029                	j	76c <SetOuts+0x1ce>
 764:	47b1                	li	a5,12
 766:	4601                	li	a2,0
 768:	fef419e3          	bne	s0,a5,75a <SetOuts+0x1bc>
 76c:	40011437          	lui	s0,0x40011
 770:	4585                	li	a1,1
 772:	40040513          	addi	a0,s0,1024 # 40011400 <__global_pointer$+0x20010bc8>
 776:	247d                	jal	a24 <GPIO_WriteBit>
 778:	4601                	li	a2,0
 77a:	4591                	li	a1,4
 77c:	40040513          	addi	a0,s0,1024
 780:	2455                	jal	a24 <GPIO_WriteBit>
 782:	4601                	li	a2,0
 784:	45a1                	li	a1,8
 786:	40040513          	addi	a0,s0,1024
 78a:	2c69                	jal	a24 <GPIO_WriteBit>
 78c:	4605                	li	a2,1
 78e:	bf41                	j	71e <SetOuts+0x180>

00000790 <main>:
 790:	911ff2ef          	jal	t0,a0 <__riscv_save_0>
 794:	4505                	li	a0,1
 796:	2c61                	jal	a2e <NVIC_PriorityGroupConfig>
 798:	2a01                	jal	8a8 <SystemCoreClockUpdate>
 79a:	2395                	jal	cfe <Delay_Init>
 79c:	3ccd                	jal	28e <GPIO_INIT>
 79e:	3409                	jal	1a0 <USARTx_CFG>
 7a0:	6599                	lui	a1,0x6
 7a2:	dbf58593          	addi	a1,a1,-577 # 5dbf <_data_lma+0x5053>
 7a6:	3e700513          	li	a0,999
 7aa:	3479                	jal	238 <Timer2_INIT>
 7ac:	200004b7          	lui	s1,0x20000
 7b0:	339d                	jal	516 <ReadBand>
 7b2:	03c48413          	addi	s0,s1,60 # 2000003c <band>
 7b6:	c008                	sw	a0,0(s0)
 7b8:	3139                	jal	3c6 <SendBandData>
 7ba:	4008                	lw	a0,0(s0)
 7bc:	33cd                	jal	59e <SetOuts>
 7be:	0c800513          	li	a0,200
 7c2:	2b85                	jal	d32 <Delay_Ms>
 7c4:	b7f5                	j	7b0 <main+0x20>

000007c6 <SystemInit>:
 7c6:	8dbff2ef          	jal	t0,a0 <__riscv_save_0>
 7ca:	40021437          	lui	s0,0x40021
 7ce:	401c                	lw	a5,0(s0)
 7d0:	f8ff0737          	lui	a4,0xf8ff0
 7d4:	4541                	li	a0,16
 7d6:	0017e793          	ori	a5,a5,1
 7da:	c01c                	sw	a5,0(s0)
 7dc:	405c                	lw	a5,4(s0)
 7de:	8ff9                	and	a5,a5,a4
 7e0:	c05c                	sw	a5,4(s0)
 7e2:	401c                	lw	a5,0(s0)
 7e4:	fef70737          	lui	a4,0xfef70
 7e8:	177d                	addi	a4,a4,-1
 7ea:	8ff9                	and	a5,a5,a4
 7ec:	c01c                	sw	a5,0(s0)
 7ee:	401c                	lw	a5,0(s0)
 7f0:	fffc0737          	lui	a4,0xfffc0
 7f4:	177d                	addi	a4,a4,-1
 7f6:	8ff9                	and	a5,a5,a4
 7f8:	c01c                	sw	a5,0(s0)
 7fa:	405c                	lw	a5,4(s0)
 7fc:	7741                	lui	a4,0xffff0
 7fe:	177d                	addi	a4,a4,-1
 800:	8ff9                	and	a5,a5,a4
 802:	c05c                	sw	a5,4(s0)
 804:	009f07b7          	lui	a5,0x9f0
 808:	c41c                	sw	a5,8(s0)
 80a:	2cbd                	jal	a88 <RCC_AdjustHSICalibrationValue>
 80c:	4c1c                	lw	a5,24(s0)
 80e:	0207e793          	ori	a5,a5,32
 812:	cc1c                	sw	a5,24(s0)
 814:	400117b7          	lui	a5,0x40011
 818:	4007a703          	lw	a4,1024(a5) # 40011400 <__global_pointer$+0x20010bc8>
 81c:	40078693          	addi	a3,a5,1024
 820:	f0f77713          	andi	a4,a4,-241
 824:	40e7a023          	sw	a4,1024(a5)
 828:	4007a703          	lw	a4,1024(a5)
 82c:	08076713          	ori	a4,a4,128
 830:	40e7a023          	sw	a4,1024(a5)
 834:	4789                	li	a5,2
 836:	ca9c                	sw	a5,16(a3)
 838:	1ffff7b7          	lui	a5,0x1ffff
 83c:	7d47c503          	lbu	a0,2004(a5) # 1ffff7d4 <_data_lma+0x1fffea68>
 840:	0ff00793          	li	a5,255
 844:	00f50463          	beq	a0,a5,84c <SystemInit+0x86>
 848:	897d                	andi	a0,a0,31
 84a:	2c3d                	jal	a88 <RCC_AdjustHSICalibrationValue>
 84c:	400227b7          	lui	a5,0x40022
 850:	4398                	lw	a4,0(a5)
 852:	76c1                	lui	a3,0xffff0
 854:	16fd                	addi	a3,a3,-1
 856:	9b71                	andi	a4,a4,-4
 858:	c398                	sw	a4,0(a5)
 85a:	4398                	lw	a4,0(a5)
 85c:	00176713          	ori	a4,a4,1
 860:	c398                	sw	a4,0(a5)
 862:	400217b7          	lui	a5,0x40021
 866:	43d8                	lw	a4,4(a5)
 868:	c3d8                	sw	a4,4(a5)
 86a:	43d8                	lw	a4,4(a5)
 86c:	8f75                	and	a4,a4,a3
 86e:	c3d8                	sw	a4,4(a5)
 870:	43d8                	lw	a4,4(a5)
 872:	010006b7          	lui	a3,0x1000
 876:	c3d8                	sw	a4,4(a5)
 878:	4398                	lw	a4,0(a5)
 87a:	8f55                	or	a4,a4,a3
 87c:	c398                	sw	a4,0(a5)
 87e:	4398                	lw	a4,0(a5)
 880:	00671693          	slli	a3,a4,0x6
 884:	fe06dde3          	bgez	a3,87e <SystemInit+0xb8>
 888:	43d8                	lw	a4,4(a5)
 88a:	400216b7          	lui	a3,0x40021
 88e:	9b71                	andi	a4,a4,-4
 890:	c3d8                	sw	a4,4(a5)
 892:	43d8                	lw	a4,4(a5)
 894:	00276713          	ori	a4,a4,2
 898:	c3d8                	sw	a4,4(a5)
 89a:	4721                	li	a4,8
 89c:	42dc                	lw	a5,4(a3)
 89e:	8bb1                	andi	a5,a5,12
 8a0:	fee79ee3          	bne	a5,a4,89c <SystemInit+0xd6>
 8a4:	807ff06f          	j	aa <__riscv_restore_0>

000008a8 <SystemCoreClockUpdate>:
 8a8:	ff8ff2ef          	jal	t0,a0 <__riscv_save_0>
 8ac:	40021737          	lui	a4,0x40021
 8b0:	435c                	lw	a5,4(a4)
 8b2:	20000437          	lui	s0,0x20000
 8b6:	4691                	li	a3,4
 8b8:	8bb1                	andi	a5,a5,12
 8ba:	01040413          	addi	s0,s0,16 # 20000010 <SystemCoreClock>
 8be:	00d78563          	beq	a5,a3,8c8 <SystemCoreClockUpdate+0x20>
 8c2:	46a1                	li	a3,8
 8c4:	04d78263          	beq	a5,a3,908 <SystemCoreClockUpdate+0x60>
 8c8:	016e37b7          	lui	a5,0x16e3
 8cc:	60078793          	addi	a5,a5,1536 # 16e3600 <_data_lma+0x16e2894>
 8d0:	c01c                	sw	a5,0(s0)
 8d2:	400216b7          	lui	a3,0x40021
 8d6:	42dc                	lw	a5,4(a3)
 8d8:	4008                	lw	a0,0(s0)
 8da:	8391                	srli	a5,a5,0x4
 8dc:	00f7f713          	andi	a4,a5,15
 8e0:	200007b7          	lui	a5,0x20000
 8e4:	00078793          	mv	a5,a5
 8e8:	97ba                	add	a5,a5,a4
 8ea:	238c                	lbu	a1,0(a5)
 8ec:	42dc                	lw	a5,4(a3)
 8ee:	0ff5f593          	andi	a1,a1,255
 8f2:	0807f793          	andi	a5,a5,128
 8f6:	00b55733          	srl	a4,a0,a1
 8fa:	e781                	bnez	a5,902 <SystemCoreClockUpdate+0x5a>
 8fc:	fd8ff0ef          	jal	ra,d4 <__udivsi3>
 900:	872a                	mv	a4,a0
 902:	c018                	sw	a4,0(s0)
 904:	fa6ff06f          	j	aa <__riscv_restore_0>
 908:	435c                	lw	a5,4(a4)
 90a:	02dc77b7          	lui	a5,0x2dc7
 90e:	c0078793          	addi	a5,a5,-1024 # 2dc6c00 <_data_lma+0x2dc5e94>
 912:	bf7d                	j	8d0 <SystemCoreClockUpdate+0x28>

00000914 <ADC1_IRQHandler>:
 914:	a001                	j	914 <ADC1_IRQHandler>

00000916 <handle_reset>:
 916:	20000197          	auipc	gp,0x20000
 91a:	f2218193          	addi	gp,gp,-222 # 20000838 <__global_pointer$>
 91e:	fc818113          	addi	sp,gp,-56 # 20000800 <_eusrstack>
 922:	00000517          	auipc	a0,0x0
 926:	44a50513          	addi	a0,a0,1098 # d6c <_data_lma>
 92a:	1ffff597          	auipc	a1,0x1ffff
 92e:	6d658593          	addi	a1,a1,1750 # 20000000 <_data_vma>
 932:	1ffff617          	auipc	a2,0x1ffff
 936:	70660613          	addi	a2,a2,1798 # 20000038 <_edata>
 93a:	00c5fa63          	bgeu	a1,a2,94e <handle_reset+0x38>
 93e:	00052283          	lw	t0,0(a0)
 942:	0055a023          	sw	t0,0(a1)
 946:	0511                	addi	a0,a0,4
 948:	0591                	addi	a1,a1,4
 94a:	fec5eae3          	bltu	a1,a2,93e <handle_reset+0x28>
 94e:	1ffff517          	auipc	a0,0x1ffff
 952:	6ea50513          	addi	a0,a0,1770 # 20000038 <_edata>
 956:	81018593          	addi	a1,gp,-2032 # 20000048 <_ebss>
 95a:	00b57763          	bgeu	a0,a1,968 <handle_reset+0x52>
 95e:	00052023          	sw	zero,0(a0)
 962:	0511                	addi	a0,a0,4
 964:	feb56de3          	bltu	a0,a1,95e <handle_reset+0x48>
 968:	000022b7          	lui	t0,0x2
 96c:	88028293          	addi	t0,t0,-1920 # 1880 <_data_lma+0xb14>
 970:	30029073          	csrw	mstatus,t0
 974:	428d                	li	t0,3
 976:	80429073          	csrw	0x804,t0
 97a:	fffff297          	auipc	t0,0xfffff
 97e:	68628293          	addi	t0,t0,1670 # 0 <_sinit>
 982:	0032e293          	ori	t0,t0,3
 986:	30529073          	csrw	mtvec,t0
 98a:	e3dff0ef          	jal	ra,7c6 <SystemInit>
 98e:	00000297          	auipc	t0,0x0
 992:	e0228293          	addi	t0,t0,-510 # 790 <main>
 996:	34129073          	csrw	mepc,t0
 99a:	30200073          	mret

0000099e <GPIO_Init>:
 99e:	4594                	lw	a3,8(a1)
 9a0:	0106f793          	andi	a5,a3,16
 9a4:	00f6f293          	andi	t0,a3,15
 9a8:	c781                	beqz	a5,9b0 <GPIO_Init+0x12>
 9aa:	41dc                	lw	a5,4(a1)
 9ac:	00f2e2b3          	or	t0,t0,a5
 9b0:	0005d383          	lhu	t2,0(a1)
 9b4:	0ff3f793          	andi	a5,t2,255
 9b8:	c3a5                	beqz	a5,a18 <GPIO_Init+0x7a>
 9ba:	00052303          	lw	t1,0(a0)
 9be:	1161                	addi	sp,sp,-8
 9c0:	c222                	sw	s0,4(sp)
 9c2:	c026                	sw	s1,0(sp)
 9c4:	4781                	li	a5,0
 9c6:	02800413          	li	s0,40
 9ca:	04800493          	li	s1,72
 9ce:	4705                	li	a4,1
 9d0:	00f71633          	sll	a2,a4,a5
 9d4:	00c3f733          	and	a4,t2,a2
 9d8:	02e61263          	bne	a2,a4,9fc <GPIO_Init+0x5e>
 9dc:	00279593          	slli	a1,a5,0x2
 9e0:	473d                	li	a4,15
 9e2:	00b71733          	sll	a4,a4,a1
 9e6:	fff74713          	not	a4,a4
 9ea:	00677333          	and	t1,a4,t1
 9ee:	00b295b3          	sll	a1,t0,a1
 9f2:	0065e333          	or	t1,a1,t1
 9f6:	00869d63          	bne	a3,s0,a10 <GPIO_Init+0x72>
 9fa:	c950                	sw	a2,20(a0)
 9fc:	0785                	addi	a5,a5,1
 9fe:	4721                	li	a4,8
 a00:	fce797e3          	bne	a5,a4,9ce <GPIO_Init+0x30>
 a04:	4412                	lw	s0,4(sp)
 a06:	00652023          	sw	t1,0(a0)
 a0a:	4482                	lw	s1,0(sp)
 a0c:	0121                	addi	sp,sp,8
 a0e:	8082                	ret
 a10:	fe9696e3          	bne	a3,s1,9fc <GPIO_Init+0x5e>
 a14:	c910                	sw	a2,16(a0)
 a16:	b7dd                	j	9fc <GPIO_Init+0x5e>
 a18:	8082                	ret

00000a1a <GPIO_ReadInputDataBit>:
 a1a:	4508                	lw	a0,8(a0)
 a1c:	8d6d                	and	a0,a0,a1
 a1e:	00a03533          	snez	a0,a0
 a22:	8082                	ret

00000a24 <GPIO_WriteBit>:
 a24:	c219                	beqz	a2,a2a <GPIO_WriteBit+0x6>
 a26:	c90c                	sw	a1,16(a0)
 a28:	8082                	ret
 a2a:	c94c                	sw	a1,20(a0)
 a2c:	8082                	ret

00000a2e <NVIC_PriorityGroupConfig>:
 a2e:	80a1a423          	sw	a0,-2040(gp) # 20000040 <NVIC_Priority_Group>
 a32:	8082                	ret

00000a34 <NVIC_Init>:
 a34:	8081a683          	lw	a3,-2040(gp) # 20000040 <NVIC_Priority_Group>
 a38:	4785                	li	a5,1
 a3a:	2118                	lbu	a4,0(a0)
 a3c:	02f69063          	bne	a3,a5,a5c <NVIC_Init+0x28>
 a40:	311c                	lbu	a5,1(a0)
 a42:	02d79c63          	bne	a5,a3,a7a <NVIC_Init+0x46>
 a46:	213c                	lbu	a5,2(a0)
 a48:	079a                	slli	a5,a5,0x6
 a4a:	f807e793          	ori	a5,a5,-128
 a4e:	e000e6b7          	lui	a3,0xe000e
 a52:	0ff7f793          	andi	a5,a5,255
 a56:	96ba                	add	a3,a3,a4
 a58:	40f68023          	sb	a5,1024(a3) # e000e400 <__global_pointer$+0xc000dbc8>
 a5c:	4685                	li	a3,1
 a5e:	00575793          	srli	a5,a4,0x5
 a62:	00e69733          	sll	a4,a3,a4
 a66:	4154                	lw	a3,4(a0)
 a68:	ce89                	beqz	a3,a82 <NVIC_Init+0x4e>
 a6a:	04078793          	addi	a5,a5,64
 a6e:	078a                	slli	a5,a5,0x2
 a70:	e000e6b7          	lui	a3,0xe000e
 a74:	97b6                	add	a5,a5,a3
 a76:	c398                	sw	a4,0(a5)
 a78:	8082                	ret
 a7a:	f3ed                	bnez	a5,a5c <NVIC_Init+0x28>
 a7c:	213c                	lbu	a5,2(a0)
 a7e:	079a                	slli	a5,a5,0x6
 a80:	b7f9                	j	a4e <NVIC_Init+0x1a>
 a82:	06078793          	addi	a5,a5,96
 a86:	b7e5                	j	a6e <NVIC_Init+0x3a>

00000a88 <RCC_AdjustHSICalibrationValue>:
 a88:	40021737          	lui	a4,0x40021
 a8c:	431c                	lw	a5,0(a4)
 a8e:	050e                	slli	a0,a0,0x3
 a90:	f077f793          	andi	a5,a5,-249
 a94:	8d5d                	or	a0,a0,a5
 a96:	c308                	sw	a0,0(a4)
 a98:	8082                	ret

00000a9a <RCC_GetClocksFreq>:
 a9a:	e06ff2ef          	jal	t0,a0 <__riscv_save_0>
 a9e:	40021737          	lui	a4,0x40021
 aa2:	435c                	lw	a5,4(a4)
 aa4:	4691                	li	a3,4
 aa6:	842a                	mv	s0,a0
 aa8:	8bb1                	andi	a5,a5,12
 aaa:	00d78563          	beq	a5,a3,ab4 <RCC_GetClocksFreq+0x1a>
 aae:	46a1                	li	a3,8
 ab0:	08d78063          	beq	a5,a3,b30 <RCC_GetClocksFreq+0x96>
 ab4:	016e37b7          	lui	a5,0x16e3
 ab8:	60078793          	addi	a5,a5,1536 # 16e3600 <_data_lma+0x16e2894>
 abc:	c01c                	sw	a5,0(s0)
 abe:	400216b7          	lui	a3,0x40021
 ac2:	42dc                	lw	a5,4(a3)
 ac4:	8391                	srli	a5,a5,0x4
 ac6:	00f7f713          	andi	a4,a5,15
 aca:	200007b7          	lui	a5,0x20000
 ace:	02878793          	addi	a5,a5,40 # 20000028 <APBAHBPrescTable>
 ad2:	97ba                	add	a5,a5,a4
 ad4:	238c                	lbu	a1,0(a5)
 ad6:	42dc                	lw	a5,4(a3)
 ad8:	4018                	lw	a4,0(s0)
 ada:	0ff5f593          	andi	a1,a1,255
 ade:	0807f793          	andi	a5,a5,128
 ae2:	00b75533          	srl	a0,a4,a1
 ae6:	e781                	bnez	a5,aee <RCC_GetClocksFreq+0x54>
 ae8:	853a                	mv	a0,a4
 aea:	deaff0ef          	jal	ra,d4 <__udivsi3>
 aee:	c048                	sw	a0,4(s0)
 af0:	c408                	sw	a0,8(s0)
 af2:	c448                	sw	a0,12(s0)
 af4:	400217b7          	lui	a5,0x40021
 af8:	43dc                	lw	a5,4(a5)
 afa:	468d                	li	a3,3
 afc:	83ad                	srli	a5,a5,0xb
 afe:	8bfd                	andi	a5,a5,31
 b00:	0037d713          	srli	a4,a5,0x3
 b04:	078a                	slli	a5,a5,0x2
 b06:	8bf1                	andi	a5,a5,28
 b08:	8fd9                	or	a5,a5,a4
 b0a:	0137f613          	andi	a2,a5,19
 b0e:	0037f713          	andi	a4,a5,3
 b12:	00c6f463          	bgeu	a3,a2,b1a <RCC_GetClocksFreq+0x80>
 b16:	ff478713          	addi	a4,a5,-12 # 40020ff4 <__global_pointer$+0x200207bc>
 b1a:	200007b7          	lui	a5,0x20000
 b1e:	01478793          	addi	a5,a5,20 # 20000014 <ADCPrescTable>
 b22:	97ba                	add	a5,a5,a4
 b24:	238c                	lbu	a1,0(a5)
 b26:	daeff0ef          	jal	ra,d4 <__udivsi3>
 b2a:	c808                	sw	a0,16(s0)
 b2c:	d7eff06f          	j	aa <__riscv_restore_0>
 b30:	435c                	lw	a5,4(a4)
 b32:	02dc77b7          	lui	a5,0x2dc7
 b36:	c0078793          	addi	a5,a5,-1024 # 2dc6c00 <_data_lma+0x2dc5e94>
 b3a:	b749                	j	abc <RCC_GetClocksFreq+0x22>

00000b3c <RCC_APB2PeriphClockCmd>:
 b3c:	c599                	beqz	a1,b4a <RCC_APB2PeriphClockCmd+0xe>
 b3e:	40021737          	lui	a4,0x40021
 b42:	4f1c                	lw	a5,24(a4)
 b44:	8d5d                	or	a0,a0,a5
 b46:	cf08                	sw	a0,24(a4)
 b48:	8082                	ret
 b4a:	400217b7          	lui	a5,0x40021
 b4e:	4f98                	lw	a4,24(a5)
 b50:	fff54513          	not	a0,a0
 b54:	8d79                	and	a0,a0,a4
 b56:	cf88                	sw	a0,24(a5)
 b58:	8082                	ret

00000b5a <RCC_APB1PeriphClockCmd>:
 b5a:	c599                	beqz	a1,b68 <RCC_APB1PeriphClockCmd+0xe>
 b5c:	40021737          	lui	a4,0x40021
 b60:	4f5c                	lw	a5,28(a4)
 b62:	8d5d                	or	a0,a0,a5
 b64:	cf48                	sw	a0,28(a4)
 b66:	8082                	ret
 b68:	400217b7          	lui	a5,0x40021
 b6c:	4fd8                	lw	a4,28(a5)
 b6e:	fff54513          	not	a0,a0
 b72:	8d79                	and	a0,a0,a4
 b74:	cfc8                	sw	a0,28(a5)
 b76:	8082                	ret

00000b78 <TIM_TimeBaseInit>:
 b78:	211e                	lhu	a5,0(a0)
 b7a:	40013737          	lui	a4,0x40013
 b7e:	c0070713          	addi	a4,a4,-1024 # 40012c00 <__global_pointer$+0x200123c8>
 b82:	07c2                	slli	a5,a5,0x10
 b84:	83c1                	srli	a5,a5,0x10
 b86:	00e50663          	beq	a0,a4,b92 <TIM_TimeBaseInit+0x1a>
 b8a:	40000737          	lui	a4,0x40000
 b8e:	00e51663          	bne	a0,a4,b9a <TIM_TimeBaseInit+0x22>
 b92:	21ba                	lhu	a4,2(a1)
 b94:	f8f7f793          	andi	a5,a5,-113
 b98:	8fd9                	or	a5,a5,a4
 b9a:	21fa                	lhu	a4,6(a1)
 b9c:	cff7f793          	andi	a5,a5,-769
 ba0:	07c2                	slli	a5,a5,0x10
 ba2:	83c1                	srli	a5,a5,0x10
 ba4:	8fd9                	or	a5,a5,a4
 ba6:	a11e                	sh	a5,0(a0)
 ba8:	21de                	lhu	a5,4(a1)
 baa:	b55e                	sh	a5,44(a0)
 bac:	219e                	lhu	a5,0(a1)
 bae:	b51e                	sh	a5,40(a0)
 bb0:	400137b7          	lui	a5,0x40013
 bb4:	c0078793          	addi	a5,a5,-1024 # 40012c00 <__global_pointer$+0x200123c8>
 bb8:	00f51463          	bne	a0,a5,bc0 <TIM_TimeBaseInit+0x48>
 bbc:	259c                	lbu	a5,8(a1)
 bbe:	b91e                	sh	a5,48(a0)
 bc0:	4785                	li	a5,1
 bc2:	a95e                	sh	a5,20(a0)
 bc4:	8082                	ret

00000bc6 <TIM_Cmd>:
 bc6:	211e                	lhu	a5,0(a0)
 bc8:	c589                	beqz	a1,bd2 <TIM_Cmd+0xc>
 bca:	0017e793          	ori	a5,a5,1
 bce:	a11e                	sh	a5,0(a0)
 bd0:	8082                	ret
 bd2:	07c2                	slli	a5,a5,0x10
 bd4:	83c1                	srli	a5,a5,0x10
 bd6:	9bf9                	andi	a5,a5,-2
 bd8:	07c2                	slli	a5,a5,0x10
 bda:	83c1                	srli	a5,a5,0x10
 bdc:	bfcd                	j	bce <TIM_Cmd+0x8>

00000bde <TIM_ITConfig>:
 bde:	255e                	lhu	a5,12(a0)
 be0:	c601                	beqz	a2,be8 <TIM_ITConfig+0xa>
 be2:	8ddd                	or	a1,a1,a5
 be4:	a54e                	sh	a1,12(a0)
 be6:	8082                	ret
 be8:	fff5c593          	not	a1,a1
 bec:	8dfd                	and	a1,a1,a5
 bee:	bfdd                	j	be4 <TIM_ITConfig+0x6>

00000bf0 <TIM_GetITStatus>:
 bf0:	291e                	lhu	a5,16(a0)
 bf2:	254a                	lhu	a0,12(a0)
 bf4:	8fed                	and	a5,a5,a1
 bf6:	0542                	slli	a0,a0,0x10
 bf8:	8141                	srli	a0,a0,0x10
 bfa:	c789                	beqz	a5,c04 <TIM_GetITStatus+0x14>
 bfc:	8d6d                	and	a0,a0,a1
 bfe:	00a03533          	snez	a0,a0
 c02:	8082                	ret
 c04:	4501                	li	a0,0
 c06:	8082                	ret

00000c08 <TIM_ClearITPendingBit>:
 c08:	fff5c593          	not	a1,a1
 c0c:	05c2                	slli	a1,a1,0x10
 c0e:	81c1                	srli	a1,a1,0x10
 c10:	a90e                	sh	a1,16(a0)
 c12:	8082                	ret

00000c14 <USART_Init>:
 c14:	c8cff2ef          	jal	t0,a0 <__riscv_save_0>
 c18:	2916                	lhu	a3,16(a0)
 c1a:	77f5                	lui	a5,0xffffd
 c1c:	17fd                	addi	a5,a5,-1
 c1e:	8ff5                	and	a5,a5,a3
 c20:	21f6                	lhu	a3,6(a1)
 c22:	25da                	lhu	a4,12(a1)
 c24:	1121                	addi	sp,sp,-24
 c26:	8fd5                	or	a5,a5,a3
 c28:	a91e                	sh	a5,16(a0)
 c2a:	2556                	lhu	a3,12(a0)
 c2c:	77fd                	lui	a5,0xfffff
 c2e:	9f378793          	addi	a5,a5,-1549 # ffffe9f3 <__global_pointer$+0xdfffe1bb>
 c32:	8ff5                	and	a5,a5,a3
 c34:	21d6                	lhu	a3,4(a1)
 c36:	842a                	mv	s0,a0
 c38:	c02e                	sw	a1,0(sp)
 c3a:	8fd5                	or	a5,a5,a3
 c3c:	2596                	lhu	a3,8(a1)
 c3e:	8fd5                	or	a5,a5,a3
 c40:	25b6                	lhu	a3,10(a1)
 c42:	8fd5                	or	a5,a5,a3
 c44:	a55e                	sh	a5,12(a0)
 c46:	295e                	lhu	a5,20(a0)
 c48:	07c2                	slli	a5,a5,0x10
 c4a:	83c1                	srli	a5,a5,0x10
 c4c:	cff7f793          	andi	a5,a5,-769
 c50:	8f5d                	or	a4,a4,a5
 c52:	a95a                	sh	a4,20(a0)
 c54:	0048                	addi	a0,sp,4
 c56:	3591                	jal	a9a <RCC_GetClocksFreq>
 c58:	400147b7          	lui	a5,0x40014
 c5c:	80078793          	addi	a5,a5,-2048 # 40013800 <__global_pointer$+0x20012fc8>
 c60:	4582                	lw	a1,0(sp)
 c62:	06f41263          	bne	s0,a5,cc6 <USART_Init+0xb2>
 c66:	47c2                	lw	a5,16(sp)
 c68:	245a                	lhu	a4,12(s0)
 c6a:	00179513          	slli	a0,a5,0x1
 c6e:	953e                	add	a0,a0,a5
 c70:	0742                	slli	a4,a4,0x10
 c72:	050e                	slli	a0,a0,0x3
 c74:	8741                	srai	a4,a4,0x10
 c76:	953e                	add	a0,a0,a5
 c78:	418c                	lw	a1,0(a1)
 c7a:	04075863          	bgez	a4,cca <USART_Init+0xb6>
 c7e:	0586                	slli	a1,a1,0x1
 c80:	c54ff0ef          	jal	ra,d4 <__udivsi3>
 c84:	06400593          	li	a1,100
 c88:	c02a                	sw	a0,0(sp)
 c8a:	c4aff0ef          	jal	ra,d4 <__udivsi3>
 c8e:	4782                	lw	a5,0(sp)
 c90:	00451493          	slli	s1,a0,0x4
 c94:	06400593          	li	a1,100
 c98:	853e                	mv	a0,a5
 c9a:	c66ff0ef          	jal	ra,100 <__umodsi3>
 c9e:	245e                	lhu	a5,12(s0)
 ca0:	07c2                	slli	a5,a5,0x10
 ca2:	87c1                	srai	a5,a5,0x10
 ca4:	0207d563          	bgez	a5,cce <USART_Init+0xba>
 ca8:	050e                	slli	a0,a0,0x3
 caa:	06400593          	li	a1,100
 cae:	03250513          	addi	a0,a0,50
 cb2:	c22ff0ef          	jal	ra,d4 <__udivsi3>
 cb6:	891d                	andi	a0,a0,7
 cb8:	8cc9                	or	s1,s1,a0
 cba:	04c2                	slli	s1,s1,0x10
 cbc:	80c1                	srli	s1,s1,0x10
 cbe:	a406                	sh	s1,8(s0)
 cc0:	0161                	addi	sp,sp,24
 cc2:	be8ff06f          	j	aa <__riscv_restore_0>
 cc6:	47b2                	lw	a5,12(sp)
 cc8:	b745                	j	c68 <USART_Init+0x54>
 cca:	058a                	slli	a1,a1,0x2
 ccc:	bf55                	j	c80 <USART_Init+0x6c>
 cce:	0512                	slli	a0,a0,0x4
 cd0:	06400593          	li	a1,100
 cd4:	03250513          	addi	a0,a0,50
 cd8:	bfcff0ef          	jal	ra,d4 <__udivsi3>
 cdc:	893d                	andi	a0,a0,15
 cde:	bfe9                	j	cb8 <USART_Init+0xa4>

00000ce0 <USART_Cmd>:
 ce0:	c591                	beqz	a1,cec <USART_Cmd+0xc>
 ce2:	255e                	lhu	a5,12(a0)
 ce4:	6709                	lui	a4,0x2
 ce6:	8fd9                	or	a5,a5,a4
 ce8:	a55e                	sh	a5,12(a0)
 cea:	8082                	ret
 cec:	255a                	lhu	a4,12(a0)
 cee:	77f9                	lui	a5,0xffffe
 cf0:	17fd                	addi	a5,a5,-1
 cf2:	8ff9                	and	a5,a5,a4
 cf4:	bfd5                	j	ce8 <USART_Cmd+0x8>

00000cf6 <USART_SendData>:
 cf6:	1ff5f593          	andi	a1,a1,511
 cfa:	a14e                	sh	a1,4(a0)
 cfc:	8082                	ret

00000cfe <Delay_Init>:
 cfe:	ba2ff2ef          	jal	t0,a0 <__riscv_save_0>
 d02:	200007b7          	lui	a5,0x20000
 d06:	0107a503          	lw	a0,16(a5) # 20000010 <SystemCoreClock>
 d0a:	007a15b7          	lui	a1,0x7a1
 d0e:	20058593          	addi	a1,a1,512 # 7a1200 <_data_lma+0x7a0494>
 d12:	bc2ff0ef          	jal	ra,d4 <__udivsi3>
 d16:	0ff57513          	andi	a0,a0,255
 d1a:	80a18723          	sb	a0,-2034(gp) # 20000046 <p_us>
 d1e:	00551793          	slli	a5,a0,0x5
 d22:	8f89                	sub	a5,a5,a0
 d24:	078a                	slli	a5,a5,0x2
 d26:	953e                	add	a0,a0,a5
 d28:	050e                	slli	a0,a0,0x3
 d2a:	80a19623          	sh	a0,-2036(gp) # 20000044 <p_ms>
 d2e:	b7cff06f          	j	aa <__riscv_restore_0>

00000d32 <Delay_Ms>:
 d32:	b6eff2ef          	jal	t0,a0 <__riscv_save_0>
 d36:	e000f437          	lui	s0,0xe000f
 d3a:	405c                	lw	a5,4(s0)
 d3c:	85aa                	mv	a1,a0
 d3e:	9bf9                	andi	a5,a5,-2
 d40:	c05c                	sw	a5,4(s0)
 d42:	80c1d503          	lhu	a0,-2036(gp) # 20000044 <p_ms>
 d46:	b6eff0ef          	jal	ra,b4 <__mulsi3>
 d4a:	c808                	sw	a0,16(s0)
 d4c:	00042423          	sw	zero,8(s0) # e000f008 <__global_pointer$+0xc000e7d0>
 d50:	401c                	lw	a5,0(s0)
 d52:	0017e793          	ori	a5,a5,1
 d56:	c01c                	sw	a5,0(s0)
 d58:	e000f7b7          	lui	a5,0xe000f
 d5c:	43d8                	lw	a4,4(a5)
 d5e:	8b05                	andi	a4,a4,1
 d60:	df75                	beqz	a4,d5c <Delay_Ms+0x2a>
 d62:	4398                	lw	a4,0(a5)
 d64:	9b79                	andi	a4,a4,-2
 d66:	c398                	sw	a4,0(a5)
 d68:	b42ff06f          	j	aa <__riscv_restore_0>
