Archive member included to satisfy reference by file (symbol)

/home/ra0sms/MRS_Community/toolchain/RISC-V Embedded GCC/bin/../lib/gcc/riscv-none-embed/8.2.0/rv32ec/ilp32e/libgcc.a(save-restore.o)
                              ./User/main.o (__riscv_save_2)
/home/ra0sms/MRS_Community/toolchain/RISC-V Embedded GCC/bin/../lib/gcc/riscv-none-embed/8.2.0/rv32ec/ilp32e/libgcc.a(muldi3.o)
                              ./Debug/debug.o (__mulsi3)
/home/ra0sms/MRS_Community/toolchain/RISC-V Embedded GCC/bin/../lib/gcc/riscv-none-embed/8.2.0/rv32ec/ilp32e/libgcc.a(div.o)
                              ./Peripheral/src/ch32v00x_usart.o (__divsi3)
/home/ra0sms/MRS_Community/toolchain/RISC-V Embedded GCC/bin/../lib/gcc/riscv-none-embed/8.2.0/../../../../riscv-none-embed/lib/rv32ec/ilp32e/libg_nano.a(lib_a-puts.o)
                              ./User/main.o (puts)
/home/ra0sms/MRS_Community/toolchain/RISC-V Embedded GCC/bin/../lib/gcc/riscv-none-embed/8.2.0/../../../../riscv-none-embed/lib/rv32ec/ilp32e/libg_nano.a(lib_a-wbuf.o)
                              /home/ra0sms/MRS_Community/toolchain/RISC-V Embedded GCC/bin/../lib/gcc/riscv-none-embed/8.2.0/../../../../riscv-none-embed/lib/rv32ec/ilp32e/libg_nano.a(lib_a-puts.o) (__swbuf_r)
/home/ra0sms/MRS_Community/toolchain/RISC-V Embedded GCC/bin/../lib/gcc/riscv-none-embed/8.2.0/../../../../riscv-none-embed/lib/rv32ec/ilp32e/libg_nano.a(lib_a-wsetup.o)
                              /home/ra0sms/MRS_Community/toolchain/RISC-V Embedded GCC/bin/../lib/gcc/riscv-none-embed/8.2.0/../../../../riscv-none-embed/lib/rv32ec/ilp32e/libg_nano.a(lib_a-puts.o) (__swsetup_r)
/home/ra0sms/MRS_Community/toolchain/RISC-V Embedded GCC/bin/../lib/gcc/riscv-none-embed/8.2.0/../../../../riscv-none-embed/lib/rv32ec/ilp32e/libg_nano.a(lib_a-fflush.o)
                              /home/ra0sms/MRS_Community/toolchain/RISC-V Embedded GCC/bin/../lib/gcc/riscv-none-embed/8.2.0/../../../../riscv-none-embed/lib/rv32ec/ilp32e/libg_nano.a(lib_a-wbuf.o) (_fflush_r)
/home/ra0sms/MRS_Community/toolchain/RISC-V Embedded GCC/bin/../lib/gcc/riscv-none-embed/8.2.0/../../../../riscv-none-embed/lib/rv32ec/ilp32e/libg_nano.a(lib_a-findfp.o)
                              /home/ra0sms/MRS_Community/toolchain/RISC-V Embedded GCC/bin/../lib/gcc/riscv-none-embed/8.2.0/../../../../riscv-none-embed/lib/rv32ec/ilp32e/libg_nano.a(lib_a-puts.o) (__sinit)
/home/ra0sms/MRS_Community/toolchain/RISC-V Embedded GCC/bin/../lib/gcc/riscv-none-embed/8.2.0/../../../../riscv-none-embed/lib/rv32ec/ilp32e/libg_nano.a(lib_a-fwalk.o)
                              /home/ra0sms/MRS_Community/toolchain/RISC-V Embedded GCC/bin/../lib/gcc/riscv-none-embed/8.2.0/../../../../riscv-none-embed/lib/rv32ec/ilp32e/libg_nano.a(lib_a-findfp.o) (_fwalk)
/home/ra0sms/MRS_Community/toolchain/RISC-V Embedded GCC/bin/../lib/gcc/riscv-none-embed/8.2.0/../../../../riscv-none-embed/lib/rv32ec/ilp32e/libg_nano.a(lib_a-impure.o)
                              /home/ra0sms/MRS_Community/toolchain/RISC-V Embedded GCC/bin/../lib/gcc/riscv-none-embed/8.2.0/../../../../riscv-none-embed/lib/rv32ec/ilp32e/libg_nano.a(lib_a-fflush.o) (_global_impure_ptr)
/home/ra0sms/MRS_Community/toolchain/RISC-V Embedded GCC/bin/../lib/gcc/riscv-none-embed/8.2.0/../../../../riscv-none-embed/lib/rv32ec/ilp32e/libg_nano.a(lib_a-makebuf.o)
                              /home/ra0sms/MRS_Community/toolchain/RISC-V Embedded GCC/bin/../lib/gcc/riscv-none-embed/8.2.0/../../../../riscv-none-embed/lib/rv32ec/ilp32e/libg_nano.a(lib_a-wsetup.o) (__smakebuf_r)
/home/ra0sms/MRS_Community/toolchain/RISC-V Embedded GCC/bin/../lib/gcc/riscv-none-embed/8.2.0/../../../../riscv-none-embed/lib/rv32ec/ilp32e/libg_nano.a(lib_a-memset.o)
                              /home/ra0sms/MRS_Community/toolchain/RISC-V Embedded GCC/bin/../lib/gcc/riscv-none-embed/8.2.0/../../../../riscv-none-embed/lib/rv32ec/ilp32e/libg_nano.a(lib_a-findfp.o) (memset)
/home/ra0sms/MRS_Community/toolchain/RISC-V Embedded GCC/bin/../lib/gcc/riscv-none-embed/8.2.0/../../../../riscv-none-embed/lib/rv32ec/ilp32e/libg_nano.a(lib_a-nano-freer.o)
                              /home/ra0sms/MRS_Community/toolchain/RISC-V Embedded GCC/bin/../lib/gcc/riscv-none-embed/8.2.0/../../../../riscv-none-embed/lib/rv32ec/ilp32e/libg_nano.a(lib_a-wsetup.o) (_free_r)
/home/ra0sms/MRS_Community/toolchain/RISC-V Embedded GCC/bin/../lib/gcc/riscv-none-embed/8.2.0/../../../../riscv-none-embed/lib/rv32ec/ilp32e/libg_nano.a(lib_a-nano-mallocr.o)
                              /home/ra0sms/MRS_Community/toolchain/RISC-V Embedded GCC/bin/../lib/gcc/riscv-none-embed/8.2.0/../../../../riscv-none-embed/lib/rv32ec/ilp32e/libg_nano.a(lib_a-findfp.o) (_malloc_r)
/home/ra0sms/MRS_Community/toolchain/RISC-V Embedded GCC/bin/../lib/gcc/riscv-none-embed/8.2.0/../../../../riscv-none-embed/lib/rv32ec/ilp32e/libg_nano.a(lib_a-sbrkr.o)
[...]
Memory Configuration

Name             Origin             Length             Attributes
FLASH            0x0000000000000000 0x0000000000004000 xr
RAM              0x0000000020000000 0x0000000000000800 xrw
*default*        0x0000000000000000 0xffffffffffffffff

Linker script and memory map

LOAD ./User/ch32v00x_it.o
LOAD ./User/main.o
LOAD ./User/system_ch32v00x.o
LOAD ./Startup/startup_ch32v00x.o
LOAD ./Peripheral/src/ch32v00x_adc.o
LOAD ./Peripheral/src/ch32v00x_dbgmcu.o
LOAD ./Peripheral/src/ch32v00x_dma.o
LOAD ./Peripheral/src/ch32v00x_exti.o
LOAD ./Peripheral/src/ch32v00x_flash.o
LOAD ./Peripheral/src/ch32v00x_gpio.o
LOAD ./Peripheral/src/ch32v00x_i2c.o
LOAD ./Peripheral/src/ch32v00x_iwdg.o
LOAD ./Peripheral/src/ch32v00x_misc.o
LOAD ./Peripheral/src/ch32v00x_opa.o
LOAD ./Peripheral/src/ch32v00x_pwr.o
LOAD ./Peripheral/src/ch32v00x_rcc.o
LOAD ./Peripheral/src/ch32v00x_spi.o
LOAD ./Peripheral/src/ch32v00x_tim.o
LOAD ./Peripheral/src/ch32v00x_usart.o
LOAD ./Peripheral/src/ch32v00x_wwdg.o
LOAD ./Debug/debug.o
LOAD ./Core/core_riscv.o
LOAD /home/ra0sms/MRS_Community/toolchain/RISC-V Embedded GCC/bin/../lib/gcc/riscv-none-embed/8.2.0/rv32ec/ilp32e/libgcc.a
LOAD /home/ra0sms/MRS_Community/toolchain/RISC-V Embedded GCC/bin/../lib/gcc/riscv-none-embed/8.2.0/../../../../riscv-none-embed/lib/rv32ec/ilp32e/libg_nano.a
LOAD /home/ra0sms/MRS_Community/toolchain/RISC-V Embedded GCC/bin/../lib/gcc/riscv-none-embed/8.2.0/../../../../riscv-none-embed/lib/rv32ec/ilp32e/libc_nano.a
LOAD /home/ra0sms/MRS_Community/toolchain/RISC-V Embedded GCC/bin/../lib/gcc/riscv-none-embed/8.2.0/rv32ec/ilp32e/libgcc.a
START GROUP
LOAD /home/ra0sms/MRS_Community/toolchain/RISC-V Embedded GCC/bin/../lib/gcc/riscv-none-embed/8.2.0/rv32ec/ilp32e/libgcc.a
LOAD /home/ra0sms/MRS_Community/toolchain/RISC-V Embedded GCC/bin/../lib/gcc/riscv-none-embed/8.2.0/../../../../riscv-none-embed/lib/rv32ec/ilp32e/libc_nano.a
LOAD /home/ra0sms/MRS_Community/toolchain/RISC-V Embedded GCC/bin/../lib/gcc/riscv-none-embed/8.2.0/../../../../riscv-none-embed/lib/rv32ec/ilp32e/libnosys.a
END GROUP
START GROUP
LOAD /home/ra0sms/MRS_Community/toolchain/RISC-V Embedded GCC/bin/../lib/gcc/riscv-none-embed/8.2.0/rv32ec/ilp32e/libgcc.a
LOAD /home/ra0sms/MRS_Community/toolchain/RISC-V Embedded GCC/bin/../lib/gcc/riscv-none-embed/8.2.0/../../../../riscv-none-embed/lib/rv32ec/ilp32e/libc_nano.a
LOAD /home/ra0sms/MRS_Community/toolchain/RISC-V Embedded GCC/bin/../lib/gcc/riscv-none-embed/8.2.0/../../../../riscv-none-embed/lib/rv32ec/ilp32e/libnosys.a
END GROUP
                0x0000000000000100                __stack_size = 0x100
                [!provide]                        PROVIDE (_stack_size = __stack_size)

.init           0x0000000000000000       0xa0
                0x0000000000000000                _sinit = .
                0x0000000000000000                . = ALIGN (0x4)
 *(SORT_NONE(.init))
 .init          0x0000000000000000       0x9e ./Startup/startup_ch32v00x.o
                0x0000000000000000                _start
                0x00000000000000a0                . = ALIGN (0x4)
 *fill*         0x000000000000009e        0x2 
                0x00000000000000a0                _einit = .

.text           0x00000000000000a0     0x2034
                0x00000000000000a0                . = ALIGN (0x4)
 *(.text)
 .text          0x00000000000000a0       0x14 /home/ra0sms/MRS_Community/toolchain/RISC-V Embedded GCC/bin/../lib/gcc/riscv-none-embed/8.2.0/rv32ec/ilp32e/libgcc.a(save-restore.o)
                0x00000000000000a0                __riscv_save_1
                0x00000000000000a0                __riscv_save_2
                0x00000000000000a0                __riscv_save_0
                0x00000000000000aa                __riscv_restore_2
                0x00000000000000aa                __riscv_restore_0
                0x00000000000000aa                __riscv_restore_1
 .text          0x00000000000000b4       0x16 /home/ra0sms/MRS_Community/toolchain/RISC-V Embedded GCC/bin/../lib/gcc/riscv-none-embed/8.2.0/rv32ec/ilp32e/libgcc.a(muldi3.o)
                0x00000000000000b4                __mulsi3
 *fill*         0x00000000000000ca        0x2 
 .text          0x00000000000000cc       0x7e /home/ra0sms/MRS_Community/toolchain/RISC-V Embedded GCC/bin/../lib/gcc/riscv-none-embed/8.2.0/rv32ec/ilp32e/libgcc.a(div.o)
                0x00000000000000cc                __divsi3
                0x00000000000000d4                __udivsi3
                0x0000000000000100                __umodsi3
                0x0000000000000124                __modsi3
 .text          0x000000000000014a       0xa8 /home/ra0sms/MRS_Community/toolchain/RISC-V Embedded GCC/bin/../lib/gcc/riscv-none-embed/8.2.0/../../../../riscv-none-embed/lib/rv32ec/ilp32e/libg_nano.a(lib_a-memset.o)
                0x000000000000014a                memset
 *(.text.*)
 .text.NMI_Handler
                0x00000000000001f2        0x2 ./User/ch32v00x_it.o
                0x00000000000001f2                NMI_Handler
 .text.HardFault_Handler
                0x00000000000001f4        0x2 ./User/ch32v00x_it.o
                0x00000000000001f4                HardFault_Handler
 .text.TIM2_IRQHandler
                0x00000000000001f6       0x42 ./User/ch32v00x_it.o
                0x00000000000001f6                TIM2_IRQHandler
 .text.USARTx_CFG
                0x0000000000000238       0xae ./User/main.o
                0x0000000000000238                USARTx_CFG
 .text.Timer2_INIT
                0x00000000000002e6       0x5e ./User/main.o
                0x00000000000002e6                Timer2_INIT
 .text.GPIO_INIT
                0x0000000000000344      0x158 ./User/main.o
                0x0000000000000344                GPIO_INIT
 .text.SendMode
                0x000000000000049c       0x98 ./User/main.o
                0x000000000000049c                SendMode
 .text.SendBandData
                0x0000000000000534      0x6d8 ./User/main.o
                0x0000000000000534                SendBandData
 .text.ReadBand
                0x0000000000000c0c       0x72 ./User/main.o
                0x0000000000000c0c                ReadBand
 .text.SetOuts  0x0000000000000c7e      0x1f4 ./User/main.o
                0x0000000000000c7e                SetOuts
 .text.startup.main
                0x0000000000000e72       0x3a ./User/main.o
                0x0000000000000e72                main
 .text.SystemInit
                0x0000000000000eac       0xe2 ./User/system_ch32v00x.o
                0x0000000000000eac                SystemInit
 .text.SystemCoreClockUpdate
                0x0000000000000f8e       0x6e ./User/system_ch32v00x.o
                0x0000000000000f8e                SystemCoreClockUpdate
 .text.vector_handler
                0x0000000000000ffc        0x2 ./Startup/startup_ch32v00x.o
                0x0000000000000ffc                TIM1_CC_IRQHandler
                0x0000000000000ffc                SysTick_Handler
                0x0000000000000ffc                PVD_IRQHandler
                0x0000000000000ffc                SPI1_IRQHandler
                0x0000000000000ffc                AWU_IRQHandler
                0x0000000000000ffc                EXTI7_0_IRQHandler
                0x0000000000000ffc                DMA1_Channel4_IRQHandler
                0x0000000000000ffc                ADC1_IRQHandler
                0x0000000000000ffc                DMA1_Channel7_IRQHandler
                0x0000000000000ffc                I2C1_EV_IRQHandler
                0x0000000000000ffc                DMA1_Channel6_IRQHandler
                0x0000000000000ffc                RCC_IRQHandler
                0x0000000000000ffc                TIM1_TRG_COM_IRQHandler
                0x0000000000000ffc                DMA1_Channel1_IRQHandler
                0x0000000000000ffc                DMA1_Channel5_IRQHandler
                0x0000000000000ffc                DMA1_Channel3_IRQHandler
                0x0000000000000ffc                TIM1_UP_IRQHandler
                0x0000000000000ffc                WWDG_IRQHandler
                0x0000000000000ffc                SW_Handler
                0x0000000000000ffc                TIM1_BRK_IRQHandler
                0x0000000000000ffc                DMA1_Channel2_IRQHandler
                0x0000000000000ffc                FLASH_IRQHandler
                0x0000000000000ffc                USART1_IRQHandler
                0x0000000000000ffc                I2C1_ER_IRQHandler
 .text.handle_reset
                0x0000000000000ffe       0x80 ./Startup/startup_ch32v00x.o
                0x0000000000000ffe                handle_reset
 .text.GPIO_Init
                0x000000000000107e       0x7c ./Peripheral/src/ch32v00x_gpio.o
                0x000000000000107e                GPIO_Init
 .text.GPIO_ReadInputDataBit
                0x00000000000010fa        0xa ./Peripheral/src/ch32v00x_gpio.o
                0x00000000000010fa                GPIO_ReadInputDataBit
 .text.GPIO_WriteBit
                0x0000000000001104        0xa ./Peripheral/src/ch32v00x_gpio.o
                0x0000000000001104                GPIO_WriteBit
 .text.NVIC_PriorityGroupConfig
                0x000000000000110e        0x6 ./Peripheral/src/ch32v00x_misc.o
                0x000000000000110e                NVIC_PriorityGroupConfig
 .text.NVIC_Init
                0x0000000000001114       0x5c ./Peripheral/src/ch32v00x_misc.o
                0x0000000000001114                NVIC_Init
 .text.RCC_AdjustHSICalibrationValue
                0x0000000000001170       0x12 ./Peripheral/src/ch32v00x_rcc.o
                0x0000000000001170                RCC_AdjustHSICalibrationValue
 .text.RCC_GetClocksFreq
                0x0000000000001182       0xa6 ./Peripheral/src/ch32v00x_rcc.o
                0x0000000000001182                RCC_GetClocksFreq
 .text.RCC_APB2PeriphClockCmd
                0x0000000000001228       0x1e ./Peripheral/src/ch32v00x_rcc.o
                0x0000000000001228                RCC_APB2PeriphClockCmd
 .text.RCC_APB1PeriphClockCmd
                0x0000000000001246       0x1e ./Peripheral/src/ch32v00x_rcc.o
                0x0000000000001246                RCC_APB1PeriphClockCmd
 .text.TIM_TimeBaseInit
                0x0000000000001264       0x64 ./Peripheral/src/ch32v00x_tim.o
                0x0000000000001264                TIM_TimeBaseInit
 .text.TIM_Cmd  0x00000000000012c8       0x1c ./Peripheral/src/ch32v00x_tim.o
                0x00000000000012c8                TIM_Cmd
 .text.TIM_ITConfig
                0x00000000000012e4       0x16 ./Peripheral/src/ch32v00x_tim.o
                0x00000000000012e4                TIM_ITConfig
 .text.TIM_GetITStatus
                0x00000000000012fa       0x1c ./Peripheral/src/ch32v00x_tim.o
                0x00000000000012fa                TIM_GetITStatus
 .text.TIM_ClearITPendingBit
                0x0000000000001316        0xe ./Peripheral/src/ch32v00x_tim.o
                0x0000000000001316                TIM_ClearITPendingBit
 .text.USART_Init
                0x0000000000001324       0xe8 ./Peripheral/src/ch32v00x_usart.o
                0x0000000000001324                USART_Init
 .text.USART_Cmd
                0x000000000000140c       0x1c ./Peripheral/src/ch32v00x_usart.o
                0x000000000000140c                USART_Cmd
 .text.USART_ITConfig
                0x0000000000001428       0x36 ./Peripheral/src/ch32v00x_usart.o
                0x0000000000001428                USART_ITConfig
 .text.USART_SendData
                0x000000000000145e        0xa ./Peripheral/src/ch32v00x_usart.o
                0x000000000000145e                USART_SendData
 .text.USART_GetFlagStatus
                0x0000000000001468        0xc ./Peripheral/src/ch32v00x_usart.o
                0x0000000000001468                USART_GetFlagStatus
 .text.Delay_Init
                0x0000000000001474       0x34 ./Debug/debug.o
                0x0000000000001474                Delay_Init
 .text.Delay_Ms
                0x00000000000014a8       0x3a ./Debug/debug.o
                0x00000000000014a8                Delay_Ms
 .text._write   0x00000000000014e2       0x4c ./Debug/debug.o
                0x00000000000014e2                _write
 .text._sbrk    0x000000000000152e       0x26 ./Debug/debug.o
                0x000000000000152e                _sbrk
 .text._puts_r  0x0000000000001554       0xd2 /home/ra0sms/MRS_Community/toolchain/RISC-V Embedded GCC/bin/../lib/gcc/riscv-none-embed/8.2.0/../../../../riscv-none-embed/lib/rv32ec/ilp32e/libg_nano.a(lib_a-puts.o)
                0x0000000000001554                _puts_r
 .text.puts     0x0000000000001626        0xe /home/ra0sms/MRS_Community/toolchain/RISC-V Embedded GCC/bin/../lib/gcc/riscv-none-embed/8.2.0/../../../../riscv-none-embed/lib/rv32ec/ilp32e/libg_nano.a(lib_a-puts.o)
                0x0000000000001626                puts
 .text.__swbuf_r
                0x0000000000001634       0xc8 /home/ra0sms/MRS_Community/toolchain/RISC-V Embedded GCC/bin/../lib/gcc/riscv-none-embed/8.2.0/../../../../riscv-none-embed/lib/rv32ec/ilp32e/libg_nano.a(lib_a-wbuf.o)
                0x0000000000001634                __swbuf_r
 .text.__swsetup_r
                0x00000000000016fc      0x112 /home/ra0sms/MRS_Community/toolchain/RISC-V Embedded GCC/bin/../lib/gcc/riscv-none-embed/8.2.0/../../../../riscv-none-embed/lib/rv32ec/ilp32e/libg_nano.a(lib_a-wsetup.o)
                0x00000000000016fc                __swsetup_r
 .text.__sflush_r
                0x000000000000180e      0x134 /home/ra0sms/MRS_Community/toolchain/RISC-V Embedded GCC/bin/../lib/gcc/riscv-none-embed/8.2.0/../../../../riscv-none-embed/lib/rv32ec/ilp32e/libg_nano.a(lib_a-fflush.o)
                0x000000000000180e                __sflush_r
 .text._fflush_r
                0x0000000000001942       0x64 /home/ra0sms/MRS_Community/toolchain/RISC-V Embedded GCC/bin/../lib/gcc/riscv-none-embed/8.2.0/../../../../riscv-none-embed/lib/rv32ec/ilp32e/libg_nano.a(lib_a-fflush.o)
                0x0000000000001942                _fflush_r
 .text.std      0x00000000000019a6       0x6a /home/ra0sms/MRS_Community/toolchain/RISC-V Embedded GCC/bin/../lib/gcc/riscv-none-embed/8.2.0/../../../../riscv-none-embed/lib/rv32ec/ilp32e/libg_nano.a(lib_a-findfp.o)
 .text._cleanup_r
                0x0000000000001a10        0xa /home/ra0sms/MRS_Community/toolchain/RISC-V Embedded GCC/bin/../lib/gcc/riscv-none-embed/8.2.0/../../../../riscv-none-embed/lib/rv32ec/ilp32e/libg_nano.a(lib_a-findfp.o)
                0x0000000000001a10                _cleanup_r
 .text.__sfmoreglue
                0x0000000000001a1a       0x48 /home/ra0sms/MRS_Community/toolchain/RISC-V Embedded GCC/bin/../lib/gcc/riscv-none-embed/8.2.0/../../../../riscv-none-embed/lib/rv32ec/ilp32e/libg_nano.a(lib_a-findfp.o)
                0x0000000000001a1a                __sfmoreglue
 .text.__sinit  0x0000000000001a62       0x6a /home/ra0sms/MRS_Community/toolchain/RISC-V Embedded GCC/bin/../lib/gcc/riscv-none-embed/8.2.0/../../../../riscv-none-embed/lib/rv32ec/ilp32e/libg_nano.a(lib_a-findfp.o)
                0x0000000000001a62                __sinit
 .text.__sfp    0x0000000000001acc       0x9e /home/ra0sms/MRS_Community/toolchain/RISC-V Embedded GCC/bin/../lib/gcc/riscv-none-embed/8.2.0/../../../../riscv-none-embed/lib/rv32ec/ilp32e/libg_nano.a(lib_a-findfp.o)
                0x0000000000001acc                __sfp
 .text._fwalk_reent
                0x0000000000001b6a       0x60 /home/ra0sms/MRS_Community/toolchain/RISC-V Embedded GCC/bin/../lib/gcc/riscv-none-embed/8.2.0/../../../../riscv-none-embed/lib/rv32ec/ilp32e/libg_nano.a(lib_a-fwalk.o)
                0x0000000000001b6a                _fwalk_reent
 .text.__swhatbuf_r
                0x0000000000001bca       0x62 /home/ra0sms/MRS_Community/toolchain/RISC-V Embedded GCC/bin/../lib/gcc/riscv-none-embed/8.2.0/../../../../riscv-none-embed/lib/rv32ec/ilp32e/libg_nano.a(lib_a-makebuf.o)
                0x0000000000001bca                __swhatbuf_r
 .text.__smakebuf_r
                0x0000000000001c2c       0x9a /home/ra0sms/MRS_Community/toolchain/RISC-V Embedded GCC/bin/../lib/gcc/riscv-none-embed/8.2.0/../../../../riscv-none-embed/lib/rv32ec/ilp32e/libg_nano.a(lib_a-makebuf.o)
                0x0000000000001c2c                __smakebuf_r
 .text._free_r  0x0000000000001cc6       0xac /home/ra0sms/MRS_Community/toolchain/RISC-V Embedded GCC/bin/../lib/gcc/riscv-none-embed/8.2.0/../../../../riscv-none-embed/lib/rv32ec/ilp32e/libg_nano.a(lib_a-nano-freer.o)
                0x0000000000001cc6                _free_r
 .text._malloc_r
                0x0000000000001d72       0xd4 /home/ra0sms/MRS_Community/toolchain/RISC-V Embedded GCC/bin/../lib/gcc/riscv-none-embed/8.2.0/../../../../riscv-none-embed/lib/rv32ec/ilp32e/libg_nano.a(lib_a-nano-mallocr.o)
                0x0000000000001d72                _malloc_r
 .text._sbrk_r  0x0000000000001e46       0x2a /home/ra0sms/MRS_Community/toolchain/RISC-V Embedded GCC/bin/../lib/gcc/riscv-none-embed/8.2.0/../../../../riscv-none-embed/lib/rv32ec/ilp32e/libg_nano.a(lib_a-sbrkr.o)
                0x0000000000001e46                _sbrk_r
 .text.__sread  0x0000000000001e70       0x30 /home/ra0sms/MRS_Community/toolchain/RISC-V Embedded GCC/bin/../lib/gcc/riscv-none-embed/8.2.0/../../../../riscv-none-embed/lib/rv32ec/ilp32e/libg_nano.a(lib_a-stdio.o)
                0x0000000000001e70                __sread
 .text.__swrite
                0x0000000000001ea0       0x4e /home/ra0sms/MRS_Community/toolchain/RISC-V Embedded GCC/bin/../lib/gcc/riscv-none-embed/8.2.0/../../../../riscv-none-embed/lib/rv32ec/ilp32e/libg_nano.a(lib_a-stdio.o)
                0x0000000000001ea0                __swrite
 .text.__sseek  0x0000000000001eee       0x36 /home/ra0sms/MRS_Community/toolchain/RISC-V Embedded GCC/bin/../lib/gcc/riscv-none-embed/8.2.0/../../../../riscv-none-embed/lib/rv32ec/ilp32e/libg_nano.a(lib_a-stdio.o)
                0x0000000000001eee                __sseek
 .text.__sclose
                0x0000000000001f24        0x6 /home/ra0sms/MRS_Community/toolchain/RISC-V Embedded GCC/bin/../lib/gcc/riscv-none-embed/8.2.0/../../../../riscv-none-embed/lib/rv32ec/ilp32e/libg_nano.a(lib_a-stdio.o)
                0x0000000000001f24                __sclose
 .text._write_r
                0x0000000000001f2a       0x2e /home/ra0sms/MRS_Community/toolchain/RISC-V Embedded GCC/bin/../lib/gcc/riscv-none-embed/8.2.0/../../../../riscv-none-embed/lib/rv32ec/ilp32e/libg_nano.a(lib_a-writer.o)
                0x0000000000001f2a                _write_r
 .text._close_r
                0x0000000000001f58       0x28 /home/ra0sms/MRS_Community/toolchain/RISC-V Embedded GCC/bin/../lib/gcc/riscv-none-embed/8.2.0/../../../../riscv-none-embed/lib/rv32ec/ilp32e/libg_nano.a(lib_a-closer.o)
                0x0000000000001f58                _close_r
 .text._fstat_r
                0x0000000000001f80       0x2a /home/ra0sms/MRS_Community/toolchain/RISC-V Embedded GCC/bin/../lib/gcc/riscv-none-embed/8.2.0/../../../../riscv-none-embed/lib/rv32ec/ilp32e/libg_nano.a(lib_a-fstatr.o)
                0x0000000000001f80                _fstat_r
 .text._isatty_r
                0x0000000000001faa       0x28 /home/ra0sms/MRS_Community/toolchain/RISC-V Embedded GCC/bin/../lib/gcc/riscv-none-embed/8.2.0/../../../../riscv-none-embed/lib/rv32ec/ilp32e/libg_nano.a(lib_a-isattyr.o)
                0x0000000000001faa                _isatty_r
 .text._lseek_r
                0x0000000000001fd2       0x2c /home/ra0sms/MRS_Community/toolchain/RISC-V Embedded GCC/bin/../lib/gcc/riscv-none-embed/8.2.0/../../../../riscv-none-embed/lib/rv32ec/ilp32e/libg_nano.a(lib_a-lseekr.o)
                0x0000000000001fd2                _lseek_r
 .text.__malloc_lock
                0x0000000000001ffe        0x2 /home/ra0sms/MRS_Community/toolchain/RISC-V Embedded GCC/bin/../lib/gcc/riscv-none-embed/8.2.0/../../../../riscv-none-embed/lib/rv32ec/ilp32e/libg_nano.a(lib_a-mlock.o)
                0x0000000000001ffe                __malloc_lock
 .text.__malloc_unlock
                0x0000000000002000        0x2 /home/ra0sms/MRS_Community/toolchain/RISC-V Embedded GCC/bin/../lib/gcc/riscv-none-embed/8.2.0/../../../../riscv-none-embed/lib/rv32ec/ilp32e/libg_nano.a(lib_a-mlock.o)
                0x0000000000002000                __malloc_unlock
 .text._read_r  0x0000000000002002       0x2c /home/ra0sms/MRS_Community/toolchain/RISC-V Embedded GCC/bin/../lib/gcc/riscv-none-embed/8.2.0/../../../../riscv-none-embed/lib/rv32ec/ilp32e/libg_nano.a(lib_a-readr.o)
                0x0000000000002002                _read_r
 .text._close   0x000000000000202e        0xc /home/ra0sms/MRS_Community/toolchain/RISC-V Embedded GCC/bin/../lib/gcc/riscv-none-embed/8.2.0/../../../../riscv-none-embed/lib/rv32ec/ilp32e/libnosys.a(close.o)
                0x000000000000202e                _close
 .text._fstat   0x000000000000203a        0xc /home/ra0sms/MRS_Community/toolchain/RISC-V Embedded GCC/bin/../lib/gcc/riscv-none-embed/8.2.0/../../../../riscv-none-embed/lib/rv32ec/ilp32e/libnosys.a(fstat.o)
                0x000000000000203a                _fstat
 .text._isatty  0x0000000000002046        0xc /home/ra0sms/MRS_Community/toolchain/RISC-V Embedded GCC/bin/../lib/gcc/riscv-none-embed/8.2.0/../../../../riscv-none-embed/lib/rv32ec/ilp32e/libnosys.a(isatty.o)
                0x0000000000002046                _isatty
 .text._lseek   0x0000000000002052        0xc /home/ra0sms/MRS_Community/toolchain/RISC-V Embedded GCC/bin/../lib/gcc/riscv-none-embed/8.2.0/../../../../riscv-none-embed/lib/rv32ec/ilp32e/libnosys.a(lseek.o)
                0x0000000000002052                _lseek
 .text._read    0x000000000000205e        0xc /home/ra0sms/MRS_Community/toolchain/RISC-V Embedded GCC/bin/../lib/gcc/riscv-none-embed/8.2.0/../../../../riscv-none-embed/lib/rv32ec/ilp32e/libnosys.a(read.o)
                0x000000000000205e                _read
 *(.rodata)
 *(.rodata*)
 *fill*         0x000000000000206a        0x2 
 .rodata.SendBandData.str1.4
                0x000000000000206c        0x8 ./User/main.o
 .rodata.__sf_fake_stderr
                0x0000000000002074       0x20 /home/ra0sms/MRS_Community/toolchain/RISC-V Embedded GCC/bin/../lib/gcc/riscv-none-embed/8.2.0/../../../../riscv-none-embed/lib/rv32ec/ilp32e/libg_nano.a(lib_a-findfp.o)
                0x0000000000002074                __sf_fake_stderr
 .rodata.__sf_fake_stdin
                0x0000000000002094       0x20 /home/ra0sms/MRS_Community/toolchain/RISC-V Embedded GCC/bin/../lib/gcc/riscv-none-embed/8.2.0/../../../../riscv-none-embed/lib/rv32ec/ilp32e/libg_nano.a(lib_a-findfp.o)
                0x0000000000002094                __sf_fake_stdin
 .rodata.__sf_fake_stdout
                0x00000000000020b4       0x20 /home/ra0sms/MRS_Community/toolchain/RISC-V Embedded GCC/bin/../lib/gcc/riscv-none-embed/8.2.0/../../../../riscv-none-embed/lib/rv32ec/ilp32e/libg_nano.a(lib_a-findfp.o)
                0x00000000000020b4                __sf_fake_stdout
 *(.gnu.linkonce.t.*)
                0x00000000000020d4                . = ALIGN (0x4)

.rela.dyn       0x00000000000020d4        0x0
 .rela.init     0x00000000000020d4        0x0 ./User/ch32v00x_it.o
 .rela.text.handle_reset
                0x00000000000020d4        0x0 ./User/ch32v00x_it.o
 .rela.text._sbrk
                0x00000000000020d4        0x0 ./User/ch32v00x_it.o
 .rela.data.curbrk.4084
                0x00000000000020d4        0x0 ./User/ch32v00x_it.o
 .rela.text._sbrk_r
                0x00000000000020d4        0x0 ./User/ch32v00x_it.o
 .rela.text._write_r
                0x00000000000020d4        0x0 ./User/ch32v00x_it.o
 .rela.text._close_r
                0x00000000000020d4        0x0 ./User/ch32v00x_it.o
 .rela.text._fstat_r
                0x00000000000020d4        0x0 ./User/ch32v00x_it.o
 .rela.text._isatty_r
                0x00000000000020d4        0x0 ./User/ch32v00x_it.o
 .rela.text._lseek_r
                0x00000000000020d4        0x0 ./User/ch32v00x_it.o
 .rela.text._read_r
                0x00000000000020d4        0x0 ./User/ch32v00x_it.o
 .rela.text._close
                0x00000000000020d4        0x0 ./User/ch32v00x_it.o
 .rela.text._fstat
                0x00000000000020d4        0x0 ./User/ch32v00x_it.o
 .rela.text._isatty
                0x00000000000020d4        0x0 ./User/ch32v00x_it.o
 .rela.text._lseek
                0x00000000000020d4        0x0 ./User/ch32v00x_it.o
 .rela.text._read
                0x00000000000020d4        0x0 ./User/ch32v00x_it.o

.fini           0x00000000000020d4        0x0
 *(SORT_NONE(.fini))
                0x00000000000020d4                . = ALIGN (0x4)
                [!provide]                        PROVIDE (_etext = .)
                [!provide]                        PROVIDE (_eitcm = .)

.preinit_array  0x00000000000020d4        0x0
                [!provide]                        PROVIDE (__preinit_array_start = .)
 *(.preinit_array)
                [!provide]                        PROVIDE (__preinit_array_end = .)

.init_array     0x00000000000020d4        0x0
                [!provide]                        PROVIDE (__init_array_start = .)
 *(SORT_BY_INIT_PRIORITY(.init_array.*) SORT_BY_INIT_PRIORITY(.ctors.*))
 *(.init_array EXCLUDE_FILE(*crtend?.o *crtend.o *crtbegin?.o *crtbegin.o) .ctors)
                [!provide]                        PROVIDE (__init_array_end = .)

.fini_array     0x00000000000020d4        0x0
                [!provide]                        PROVIDE (__fini_array_start = .)
 *(SORT_BY_INIT_PRIORITY(.fini_array.*) SORT_BY_INIT_PRIORITY(.dtors.*))
 *(.fini_array EXCLUDE_FILE(*crtend?.o *crtend.o *crtbegin?.o *crtbegin.o) .dtors)
                [!provide]                        PROVIDE (__fini_array_end = .)

.ctors
 *crtbegin.o(.ctors)
 *crtbegin?.o(.ctors)
 *(EXCLUDE_FILE(*crtend?.o *crtend.o) .ctors)
 *(SORT_BY_NAME(.ctors.*))
 *(.ctors)

.dtors
 *crtbegin.o(.dtors)
 *crtbegin?.o(.dtors)
 *(EXCLUDE_FILE(*crtend?.o *crtend.o) .dtors)
 *(SORT_BY_NAME(.dtors.*))
 *(.dtors)

.dalign         0x0000000020000000        0x0 load address 0x00000000000020d4
                0x0000000020000000                . = ALIGN (0x4)
                0x0000000020000000                PROVIDE (_data_vma = .)

.dlalign        0x00000000000020d4        0x0
                0x00000000000020d4                . = ALIGN (0x4)
                0x00000000000020d4                PROVIDE (_data_lma = .)

.data           0x0000000020000000       0xa8 load address 0x00000000000020d4
                0x0000000020000000                . = ALIGN (0x4)
 *(.gnu.linkonce.r.*)
 *(.data .data.*)
 .data.AHBPrescTable
                0x0000000020000000       0x10 ./User/system_ch32v00x.o
                0x0000000020000000                AHBPrescTable
 .data.SystemCoreClock
                0x0000000020000010        0x4 ./User/system_ch32v00x.o
                0x0000000020000010                SystemCoreClock
 .data.ADCPrescTable
                0x0000000020000014       0x14 ./Peripheral/src/ch32v00x_rcc.o
 .data.APBAHBPrescTable
                0x0000000020000028       0x10 ./Peripheral/src/ch32v00x_rcc.o
 .data.curbrk.4084
                0x0000000020000038        0x4 ./Debug/debug.o
 .data.impure_data
                0x000000002000003c       0x60 /home/ra0sms/MRS_Community/toolchain/RISC-V Embedded GCC/bin/../lib/gcc/riscv-none-embed/8.2.0/../../../../riscv-none-embed/lib/rv32ec/ilp32e/libg_nano.a(lib_a-impure.o)
 *(.gnu.linkonce.d.*)
                0x00000000200000a0                . = ALIGN (0x8)
 *fill*         0x000000002000009c        0x4 
                0x00000000200008a0                PROVIDE (__global_pointer$ = (. + 0x800))
 *(.sdata .sdata.*)
 .sdata._impure_ptr
                0x00000000200000a0        0x4 /home/ra0sms/MRS_Community/toolchain/RISC-V Embedded GCC/bin/../lib/gcc/riscv-none-embed/8.2.0/../../../../riscv-none-embed/lib/rv32ec/ilp32e/libg_nano.a(lib_a-impure.o)
                0x00000000200000a0                _impure_ptr
 *(.sdata2*)
 .sdata2._global_impure_ptr
                0x00000000200000a4        0x4 /home/ra0sms/MRS_Community/toolchain/RISC-V Embedded GCC/bin/../lib/gcc/riscv-none-embed/8.2.0/../../../../riscv-none-embed/lib/rv32ec/ilp32e/libg_nano.a(lib_a-impure.o)
                0x00000000200000a4                _global_impure_ptr
 *(.gnu.linkonce.s.*)
                0x00000000200000a8                . = ALIGN (0x8)
 *(.srodata.cst16)
 *(.srodata.cst8)
 *(.srodata.cst4)
 *(.srodata.cst2)
 *(.srodata .srodata.*)
                0x00000000200000a8                . = ALIGN (0x4)
                0x00000000200000a8                PROVIDE (_edata = .)

.bss            0x00000000200000a8       0x1c load address 0x000000000000217c
                0x00000000200000a8                . = ALIGN (0x4)
                0x00000000200000a8                PROVIDE (_sbss = .)
 *(.sbss*)
 .sbss.__malloc_free_list
                0x00000000200000a8        0x4 /home/ra0sms/MRS_Community/toolchain/RISC-V Embedded GCC/bin/../lib/gcc/riscv-none-embed/8.2.0/../../../../riscv-none-embed/lib/rv32ec/ilp32e/libg_nano.a(lib_a-nano-mallocr.o)
                0x00000000200000a8                __malloc_free_list
 .sbss.__malloc_sbrk_start
                0x00000000200000ac        0x4 /home/ra0sms/MRS_Community/toolchain/RISC-V Embedded GCC/bin/../lib/gcc/riscv-none-embed/8.2.0/../../../../riscv-none-embed/lib/rv32ec/ilp32e/libg_nano.a(lib_a-nano-mallocr.o)
                0x00000000200000ac                __malloc_sbrk_start
 *(.gnu.linkonce.sb.*)
 *(.bss*)
 .bss.j.4054    0x00000000200000b0        0x1 ./User/ch32v00x_it.o
 *fill*         0x00000000200000b1        0x3 
 .bss.band      0x00000000200000b4        0x4 ./User/main.o
                0x00000000200000b4                band
 .bss.NVIC_Priority_Group
                0x00000000200000b8        0x4 ./Peripheral/src/ch32v00x_misc.o
                0x00000000200000b8                NVIC_Priority_Group
 .bss.p_ms      0x00000000200000bc        0x2 ./Debug/debug.o
 .bss.p_us      0x00000000200000be        0x1 ./Debug/debug.o
 *(.gnu.linkonce.b.*)
 *(COMMON*)
 *fill*         0x00000000200000bf        0x1 
 COMMON         0x00000000200000c0        0x4 /home/ra0sms/MRS_Community/toolchain/RISC-V Embedded GCC/bin/../lib/gcc/riscv-none-embed/8.2.0/../../../../riscv-none-embed/lib/rv32ec/ilp32e/libg_nano.a(lib_a-reent.o)
                0x00000000200000c0                errno
                0x00000000200000c4                . = ALIGN (0x4)
                0x00000000200000c4                PROVIDE (_ebss = .)
                0x00000000200000c4                PROVIDE (_end = _ebss)
                [!provide]                        PROVIDE (end = .)

.stack          0x0000000020000700      0x100
                0x0000000020000700                PROVIDE (_heap_end = .)
                0x0000000020000700                . = ALIGN (0x4)
                [!provide]                        PROVIDE (_susrstack = .)
                0x0000000020000800                . = (. + __stack_size)
 *fill*         0x0000000020000700      0x100 
                0x0000000020000800                PROVIDE (_eusrstack = .)
OUTPUT(bcd2civ.elf elf32-littleriscv)

.debug_info     0x0000000000000000     0xc011
 .debug_info    0x0000000000000000      0xcf8 ./User/ch32v00x_it.o
 .debug_info    0x0000000000000cf8     0x2c4b ./User/main.o
 .debug_info    0x0000000000003943      0xc1b ./User/system_ch32v00x.o
 .debug_info    0x000000000000455e       0x22 ./Startup/startup_ch32v00x.o
 .debug_info    0x0000000000004580     0x1034 ./Peripheral/src/ch32v00x_gpio.o
 .debug_info    0x00000000000055b4      0xdca ./Peripheral/src/ch32v00x_misc.o
 .debug_info    0x000000000000637e     0x108c ./Peripheral/src/ch32v00x_rcc.o
 .debug_info    0x000000000000740a     0x297f ./Peripheral/src/ch32v00x_tim.o
 .debug_info    0x0000000000009d89     0x1351 ./Peripheral/src/ch32v00x_usart.o
 .debug_info    0x000000000000b0da      0xf37 ./Debug/debug.o

.debug_abbrev   0x0000000000000000     0x1c97
 .debug_abbrev  0x0000000000000000      0x292 ./User/ch32v00x_it.o
 .debug_abbrev  0x0000000000000292      0x367 ./User/main.o
 .debug_abbrev  0x00000000000005f9      0x2d6 ./User/system_ch32v00x.o
 .debug_abbrev  0x00000000000008cf       0x12 ./Startup/startup_ch32v00x.o
 .debug_abbrev  0x00000000000008e1      0x309 ./Peripheral/src/ch32v00x_gpio.o
 .debug_abbrev  0x0000000000000bea      0x2ea ./Peripheral/src/ch32v00x_misc.o
 .debug_abbrev  0x0000000000000ed4      0x389 ./Peripheral/src/ch32v00x_rcc.o
 .debug_abbrev  0x000000000000125d      0x408 ./Peripheral/src/ch32v00x_tim.o
 .debug_abbrev  0x0000000000001665      0x323 ./Peripheral/src/ch32v00x_usart.o
 .debug_abbrev  0x0000000000001988      0x30f ./Debug/debug.o

.debug_aranges  0x0000000000000000      0x6a8
 .debug_aranges
                0x0000000000000000       0x30 ./User/ch32v00x_it.o
 .debug_aranges
                0x0000000000000030       0x58 ./User/main.o
 .debug_aranges
                0x0000000000000088       0x28 ./User/system_ch32v00x.o
 .debug_aranges
                0x00000000000000b0       0x30 ./Startup/startup_ch32v00x.o
 .debug_aranges
                0x00000000000000e0       0x98 ./Peripheral/src/ch32v00x_gpio.o
 .debug_aranges
                0x0000000000000178       0x28 ./Peripheral/src/ch32v00x_misc.o
 .debug_aranges
                0x00000000000001a0       0xe0 ./Peripheral/src/ch32v00x_rcc.o
 .debug_aranges
                0x0000000000000280      0x2d8 ./Peripheral/src/ch32v00x_tim.o
 .debug_aranges
                0x0000000000000558      0x100 ./Peripheral/src/ch32v00x_usart.o
 .debug_aranges
                0x0000000000000658       0x50 ./Debug/debug.o

.debug_ranges   0x0000000000000000      0x670
 .debug_ranges  0x0000000000000000       0x20 ./User/ch32v00x_it.o
 .debug_ranges  0x0000000000000020       0x48 ./User/main.o
 .debug_ranges  0x0000000000000068       0x18 ./User/system_ch32v00x.o
 .debug_ranges  0x0000000000000080       0x28 ./Startup/startup_ch32v00x.o
 .debug_ranges  0x00000000000000a8       0x88 ./Peripheral/src/ch32v00x_gpio.o
 .debug_ranges  0x0000000000000130       0x48 ./Peripheral/src/ch32v00x_misc.o
 .debug_ranges  0x0000000000000178       0xd0 ./Peripheral/src/ch32v00x_rcc.o
 .debug_ranges  0x0000000000000248      0x2f8 ./Peripheral/src/ch32v00x_tim.o
 .debug_ranges  0x0000000000000540       0xf0 ./Peripheral/src/ch32v00x_usart.o
 .debug_ranges  0x0000000000000630       0x40 ./Debug/debug.o

.debug_line     0x0000000000000000     0x854b
 .debug_line    0x0000000000000000      0x3fb ./User/ch32v00x_it.o
 .debug_line    0x00000000000003fb     0x13ec ./User/main.o
 .debug_line    0x00000000000017e7      0x60a ./User/system_ch32v00x.o
 .debug_line    0x0000000000001df1      0x112 ./Startup/startup_ch32v00x.o
 .debug_line    0x0000000000001f03      0xbc8 ./Peripheral/src/ch32v00x_gpio.o
 .debug_line    0x0000000000002acb      0x459 ./Peripheral/src/ch32v00x_misc.o
 .debug_line    0x0000000000002f24      0xe80 ./Peripheral/src/ch32v00x_rcc.o
 .debug_line    0x0000000000003da4     0x30db ./Peripheral/src/ch32v00x_tim.o
 .debug_line    0x0000000000006e7f      0xed9 ./Peripheral/src/ch32v00x_usart.o
 .debug_line    0x0000000000007d58      0x7f3 ./Debug/debug.o

.debug_str      0x0000000000000000     0x2157
 .debug_str     0x0000000000000000      0x6f7 ./User/ch32v00x_it.o
                                        0x77b (size before relaxing)
 .debug_str     0x00000000000006f7      0x5d3 ./User/main.o
                                        0xce8 (size before relaxing)
 .debug_str     0x0000000000000cca       0xf3 ./User/system_ch32v00x.o
                                        0x6e9 (size before relaxing)
 .debug_str     0x0000000000000dbd       0x2a ./Startup/startup_ch32v00x.o
                                         0x54 (size before relaxing)
 .debug_str     0x0000000000000de7      0x1da ./Peripheral/src/ch32v00x_gpio.o
                                        0x931 (size before relaxing)
 .debug_str     0x0000000000000fc1       0xda ./Peripheral/src/ch32v00x_misc.o
                                        0x8f9 (size before relaxing)
 .debug_str     0x000000000000109b      0x2c9 ./Peripheral/src/ch32v00x_rcc.o
                                        0x99f (size before relaxing)
 .debug_str     0x0000000000001364      0xa0f ./Peripheral/src/ch32v00x_tim.o
                                       0x1259 (size before relaxing)
 .debug_str     0x0000000000001d73      0x356 ./Peripheral/src/ch32v00x_usart.o
                                        0xaee (size before relaxing)
 .debug_str     0x00000000000020c9       0x8e ./Debug/debug.o
                                        0x8ef (size before relaxing)

.comment        0x0000000000000000       0x33
 .comment       0x0000000000000000       0x33 ./User/ch32v00x_it.o
                                         0x34 (size before relaxing)
 .comment       0x0000000000000033       0x34 ./User/main.o
 .comment       0x0000000000000033       0x34 ./User/system_ch32v00x.o
 .comment       0x0000000000000033       0x34 ./Peripheral/src/ch32v00x_gpio.o
 .comment       0x0000000000000033       0x34 ./Peripheral/src/ch32v00x_misc.o
 .comment       0x0000000000000033       0x34 ./Peripheral/src/ch32v00x_rcc.o
 .comment       0x0000000000000033       0x34 ./Peripheral/src/ch32v00x_tim.o
 .comment       0x0000000000000033       0x34 ./Peripheral/src/ch32v00x_usart.o
 .comment       0x0000000000000033       0x34 ./Debug/debug.o

.debug_frame    0x0000000000000000     0x14f8
 .debug_frame   0x0000000000000000       0x40 ./User/ch32v00x_it.o
 .debug_frame   0x0000000000000040      0x130 ./User/main.o
 .debug_frame   0x0000000000000170       0x50 ./User/system_ch32v00x.o
 .debug_frame   0x00000000000001c0      0x154 ./Peripheral/src/ch32v00x_gpio.o
 .debug_frame   0x0000000000000314       0x30 ./Peripheral/src/ch32v00x_misc.o
 .debug_frame   0x0000000000000344      0x1dc ./Peripheral/src/ch32v00x_rcc.o
 .debug_frame   0x0000000000000520      0x624 ./Peripheral/src/ch32v00x_tim.o
 .debug_frame   0x0000000000000b44      0x204 ./Peripheral/src/ch32v00x_usart.o
 .debug_frame   0x0000000000000d48       0xe4 ./Debug/debug.o
 .debug_frame   0x0000000000000e2c       0x48 /home/ra0sms/MRS_Community/toolchain/RISC-V Embedded GCC/bin/../lib/gcc/riscv-none-embed/8.2.0/../../../../riscv-none-embed/lib/rv32ec/ilp32e/libg_nano.a(lib_a-puts.o)
 .debug_frame   0x0000000000000e74       0x48 /home/ra0sms/MRS_Community/toolchain/RISC-V Embedded GCC/bin/../lib/gcc/riscv-none-embed/8.2.0/../../../../riscv-none-embed/lib/rv32ec/ilp32e/libg_nano.a(lib_a-wbuf.o)
 .debug_frame   0x0000000000000ebc       0x38 /home/ra0sms/MRS_Community/toolchain/RISC-V Embedded GCC/bin/../lib/gcc/riscv-none-embed/8.2.0/../../../../riscv-none-embed/lib/rv32ec/ilp32e/libg_nano.a(lib_a-wsetup.o)
 .debug_frame   0x0000000000000ef4       0x74 /home/ra0sms/MRS_Community/toolchain/RISC-V Embedded GCC/bin/../lib/gcc/riscv-none-embed/8.2.0/../../../../riscv-none-embed/lib/rv32ec/ilp32e/libg_nano.a(lib_a-fflush.o)
 .debug_frame   0x0000000000000f68      0x13c /home/ra0sms/MRS_Community/toolchain/RISC-V Embedded GCC/bin/../lib/gcc/riscv-none-embed/8.2.0/../../../../riscv-none-embed/lib/rv32ec/ilp32e/libg_nano.a(lib_a-findfp.o)
 .debug_frame   0x00000000000010a4       0x60 /home/ra0sms/MRS_Community/toolchain/RISC-V Embedded GCC/bin/../lib/gcc/riscv-none-embed/8.2.0/../../../../riscv-none-embed/lib/rv32ec/ilp32e/libg_nano.a(lib_a-fwalk.o)
 .debug_frame   0x0000000000001104       0x5c /home/ra0sms/MRS_Community/toolchain/RISC-V Embedded GCC/bin/../lib/gcc/riscv-none-embed/8.2.0/../../../../riscv-none-embed/lib/rv32ec/ilp32e/libg_nano.a(lib_a-makebuf.o)
 .debug_frame   0x0000000000001160       0x40 /home/ra0sms/MRS_Community/toolchain/RISC-V Embedded GCC/bin/../lib/gcc/riscv-none-embed/8.2.0/../../../../riscv-none-embed/lib/rv32ec/ilp32e/libg_nano.a(lib_a-nano-freer.o)
 .debug_frame   0x00000000000011a0       0x38 /home/ra0sms/MRS_Community/toolchain/RISC-V Embedded GCC/bin/../lib/gcc/riscv-none-embed/8.2.0/../../../../riscv-none-embed/lib/rv32ec/ilp32e/libg_nano.a(lib_a-nano-mallocr.o)
 .debug_frame   0x00000000000011d8       0x30 /home/ra0sms/MRS_Community/toolchain/RISC-V Embedded GCC/bin/../lib/gcc/riscv-none-embed/8.2.0/../../../../riscv-none-embed/lib/rv32ec/ilp32e/libg_nano.a(lib_a-sbrkr.o)
 .debug_frame   0x0000000000001208       0x9c /home/ra0sms/MRS_Community/toolchain/RISC-V Embedded GCC/bin/../lib/gcc/riscv-none-embed/8.2.0/../../../../riscv-none-embed/lib/rv32ec/ilp32e/libg_nano.a(lib_a-stdio.o)
 .debug_frame   0x00000000000012a4       0x30 /home/ra0sms/MRS_Community/toolchain/RISC-V Embedded GCC/bin/../lib/gcc/riscv-none-embed/8.2.0/../../../../riscv-none-embed/lib/rv32ec/ilp32e/libg_nano.a(lib_a-writer.o)
 .debug_frame   0x00000000000012d4       0x30 /home/ra0sms/MRS_Community/toolchain/RISC-V Embedded GCC/bin/../lib/gcc/riscv-none-embed/8.2.0/../../../../riscv-none-embed/lib/rv32ec/ilp32e/libg_nano.a(lib_a-closer.o)
 .debug_frame   0x0000000000001304       0x30 /home/ra0sms/MRS_Community/toolchain/RISC-V Embedded GCC/bin/../lib/gcc/riscv-none-embed/8.2.0/../../../../riscv-none-embed/lib/rv32ec/ilp32e/libg_nano.a(lib_a-fstatr.o)
 .debug_frame   0x0000000000001334       0x30 /home/ra0sms/MRS_Community/toolchain/RISC-V Embedded GCC/bin/../lib/gcc/riscv-none-embed/8.2.0/../../../../riscv-none-embed/lib/rv32ec/ilp32e/libg_nano.a(lib_a-isattyr.o)
 .debug_frame   0x0000000000001364       0x30 /home/ra0sms/MRS_Community/toolchain/RISC-V Embedded GCC/bin/../lib/gcc/riscv-none-embed/8.2.0/../../../../riscv-none-embed/lib/rv32ec/ilp32e/libg_nano.a(lib_a-lseekr.o)
 .debug_frame   0x0000000000001394       0x30 /home/ra0sms/MRS_Community/toolchain/RISC-V Embedded GCC/bin/../lib/gcc/riscv-none-embed/8.2.0/../../../../riscv-none-embed/lib/rv32ec/ilp32e/libg_nano.a(lib_a-mlock.o)
 .debug_frame   0x00000000000013c4       0x30 /home/ra0sms/MRS_Community/toolchain/RISC-V Embedded GCC/bin/../lib/gcc/riscv-none-embed/8.2.0/../../../../riscv-none-embed/lib/rv32ec/ilp32e/libg_nano.a(lib_a-readr.o)
 .debug_frame   0x00000000000013f4       0x64 /home/ra0sms/MRS_Community/toolchain/RISC-V Embedded GCC/bin/../lib/gcc/riscv-none-embed/8.2.0/../../../../riscv-none-embed/lib/rv32ec/ilp32e/libg_nano.a(lib_a-reent.o)
 .debug_frame   0x0000000000001458       0x20 /home/ra0sms/MRS_Community/toolchain/RISC-V Embedded GCC/bin/../lib/gcc/riscv-none-embed/8.2.0/../../../../riscv-none-embed/lib/rv32ec/ilp32e/libnosys.a(close.o)
 .debug_frame   0x0000000000001478       0x20 /home/ra0sms/MRS_Community/toolchain/RISC-V Embedded GCC/bin/../lib/gcc/riscv-none-embed/8.2.0/../../../../riscv-none-embed/lib/rv32ec/ilp32e/libnosys.a(fstat.o)
 .debug_frame   0x0000000000001498       0x20 /home/ra0sms/MRS_Community/toolchain/RISC-V Embedded GCC/bin/../lib/gcc/riscv-none-embed/8.2.0/../../../../riscv-none-embed/lib/rv32ec/ilp32e/libnosys.a(isatty.o)
 .debug_frame   0x00000000000014b8       0x20 /home/ra0sms/MRS_Community/toolchain/RISC-V Embedded GCC/bin/../lib/gcc/riscv-none-embed/8.2.0/../../../../riscv-none-embed/lib/rv32ec/ilp32e/libnosys.a(lseek.o)
 .debug_frame   0x00000000000014d8       0x20 /home/ra0sms/MRS_Community/toolchain/RISC-V Embedded GCC/bin/../lib/gcc/riscv-none-embed/8.2.0/../../../../riscv-none-embed/lib/rv32ec/ilp32e/libnosys.a(read.o)

.debug_loc      0x0000000000000000     0x3134
 .debug_loc     0x0000000000000000      0x2b8 ./User/main.o
 .debug_loc     0x00000000000002b8       0x83 ./User/system_ch32v00x.o
 .debug_loc     0x000000000000033b      0x5e2 ./Peripheral/src/ch32v00x_gpio.o
 .debug_loc     0x000000000000091d       0x2d ./Peripheral/src/ch32v00x_misc.o
 .debug_loc     0x000000000000094a      0x5e3 ./Peripheral/src/ch32v00x_rcc.o
 .debug_loc     0x0000000000000f2d     0x1936 ./Peripheral/src/ch32v00x_tim.o
 .debug_loc     0x0000000000002863      0x735 ./Peripheral/src/ch32v00x_usart.o
 .debug_loc     0x0000000000002f98      0x19c ./Debug/debug.o

.stab           0x0000000000000000       0x84
 .stab          0x0000000000000000       0x24 /home/ra0sms/MRS_Community/toolchain/RISC-V Embedded GCC/bin/../lib/gcc/riscv-none-embed/8.2.0/../../../../riscv-none-embed/lib/rv32ec/ilp32e/libnosys.a(close.o)
 .stab          0x0000000000000024       0x18 /home/ra0sms/MRS_Community/toolchain/RISC-V Embedded GCC/bin/../lib/gcc/riscv-none-embed/8.2.0/../../../../riscv-none-embed/lib/rv32ec/ilp32e/libnosys.a(fstat.o)
                                         0x24 (size before relaxing)
 .stab          0x000000000000003c       0x18 /home/ra0sms/MRS_Community/toolchain/RISC-V Embedded GCC/bin/../lib/gcc/riscv-none-embed/8.2.0/../../../../riscv-none-embed/lib/rv32ec/ilp32e/libnosys.a(isatty.o)
                                         0x24 (size before relaxing)
 .stab          0x0000000000000054       0x18 /home/ra0sms/MRS_Community/toolchain/RISC-V Embedded GCC/bin/../lib/gcc/riscv-none-embed/8.2.0/../../../../riscv-none-embed/lib/rv32ec/ilp32e/libnosys.a(lseek.o)
                                         0x24 (size before relaxing)
 .stab          0x000000000000006c       0x18 /home/ra0sms/MRS_Community/toolchain/RISC-V Embedded GCC/bin/../lib/gcc/riscv-none-embed/8.2.0/../../../../riscv-none-embed/lib/rv32ec/ilp32e/libnosys.a(read.o)
                                         0x24 (size before relaxing)

.stabstr        0x0000000000000000      0x117
 .stabstr       0x0000000000000000      0x117 /home/ra0sms/MRS_Community/toolchain/RISC-V Embedded GCC/bin/../lib/gcc/riscv-none-embed/8.2.0/../../../../riscv-none-embed/lib/rv32ec/ilp32e/libnosys.a(close.o)
